Component: ARM Compiler 5.05 update 1 (build 106) Tool: armlink [4d0efa]

==============================================================================

Section Cross References

    lcd.o(.text) refers to uidiv.o(.text) for __aeabi_uidivmod
    lcd.o(.text) refers to lcd.o(.data) for .data
    lcd.o(.text) refers to lcd.o(.constdata) for .constdata
    irq.o(.text) refers to rt_mailbox.o(i.os_mbx_init) for os_mbx_init
    irq.o(.text) refers to rt_mailbox.o(i.os_mbx_send) for os_mbx_send
    irq.o(.text) refers to irq.o(.data) for .data
    irq.o(.text) refers to irq.o(.bss) for .bss
    dashboard.o(.text) refers to idiv.o(.text) for __aeabi_idivmod
    dashboard.o(.text) refers to lcd.o(.text) for LCD_putc
    dashboard.o(.text) refers to rt_mailbox.o(i.os_mbx_wait) for os_mbx_wait
    dashboard.o(.text) refers to malloc.o(i.free) for free
    dashboard.o(.text) refers to rt_time.o(i.os_time_get) for os_time_get
    dashboard.o(.text) refers to rt_mutex.o(i.os_mut_wait) for os_mut_wait
    dashboard.o(.text) refers to rt_mutex.o(i.os_mut_release) for os_mut_release
    dashboard.o(.text) refers to rt_time.o(i.os_itv_set) for os_itv_set
    dashboard.o(.text) refers to rt_time.o(i.os_itv_wait) for os_itv_wait
    dashboard.o(.text) refers to dashboard.o(.data) for .data
    dashboard.o(.text) refers to irq.o(.bss) for mailbox1
    dashboard.o(.text) refers to irq.o(.data) for AD_in_progress
    dashboard.o(.text) refers to dashboard.o(.bss) for .bss
    dashboard.o(.text) refers to rt_task.o(i.os_tsk_delete) for os_tsk_delete
    dashboard.o(.text) refers to rt_task.o(i.os_tsk_create0) for os_tsk_create0
    dashboard.o(.text) refers to rt_mutex.o(i.os_mut_init) for os_mut_init
    dashboard.o(.text) refers to irq.o(.text) for ADC_IRQ_Handler
    dashboard.o(.text) refers to hal_arm.o(.emb_text) for os_sys_init0
    rtx_config.o(.text) refers to rtx_config.o(.text) for os_def_interrupt
    rtx_config.o(.text) refers to hal_arm.o(.emb_text) for os_clock_interrupt
    str91x.o(Reset) refers to hal_arm.o(.emb_text) for SWI_Handler
    str91x.o(Reset) refers to str91x.o(STACK) for Stack_Top
    str91x.o(Reset) refers to entry.o(.ARM.Collect$$$$00000000) for __main
    rt_task.o(i.os_block) refers to rt_list.o(i.os_put_dly) for os_put_dly
    rt_task.o(i.os_block) refers to rt_list.o(i.os_get_first) for os_get_first
    rt_task.o(i.os_block) refers to rt_task.o(.data) for .data
    rt_task.o(i.os_block) refers to rt_list.o(.bss) for os_rdy
    rt_task.o(i.os_dispatch) refers to rt_list.o(i.os_put_rdy_first) for os_put_rdy_first
    rt_task.o(i.os_dispatch) refers to rt_list.o(i.os_get_first) for os_get_first
    rt_task.o(i.os_dispatch) refers to rt_list.o(i.os_put_prio) for os_put_prio
    rt_task.o(i.os_dispatch) refers to rt_task.o(.data) for .data
    rt_task.o(i.os_dispatch) refers to rt_list.o(.bss) for os_rdy
    rt_task.o(i.os_init_context) refers to hal_arm.o(i.os_init_stack) for os_init_stack
    rt_task.o(i.os_init_context) refers to rtx_config.o(.bss) for mp_stk
    rt_task.o(i.os_sys_init1) refers to rt_membox.o(i._init_box) for _init_box
    rt_task.o(i.os_sys_init1) refers to rt_task.o(i.os_init_context) for os_init_context
    rt_task.o(i.os_sys_init1) refers to hal_arm.o(.emb_text) for os_set_env
    rt_task.o(i.os_sys_init1) refers to rtx_config.o(.text) for os_tmr_init
    rt_task.o(i.os_sys_init1) refers to rt_robin.o(i.os_init_robin) for os_init_robin
    rt_task.o(i.os_sys_init1) refers to rtx_config.o(.bss) for os_active_TCB
    rt_task.o(i.os_sys_init1) refers to rtx_config.o(.constdata) for os_maxtaskrun
    rt_task.o(i.os_sys_init1) refers to rtx_config.o(.constdata) for mp_tcb_size
    rt_task.o(i.os_sys_init1) refers to rtx_config.o(.bss) for mp_tcb
    rt_task.o(i.os_sys_init1) refers to rtx_config.o(.constdata) for os_stackinfo
    rt_task.o(i.os_sys_init1) refers to rtx_config.o(.constdata) for mp_stk_size
    rt_task.o(i.os_sys_init1) refers to rtx_config.o(.bss) for mp_stk
    rt_task.o(i.os_sys_init1) refers to rtx_config.o(.constdata) for mp_tmr_size
    rt_task.o(i.os_sys_init1) refers to rtx_config.o(.data) for m_tmr
    rt_task.o(i.os_sys_init1) refers to rt_task.o(.bss) for .bss
    rt_task.o(i.os_sys_init1) refers to rt_list.o(.bss) for os_rdy
    rt_task.o(i.os_sys_init1) refers to rt_task.o(.data) for .data
    rt_task.o(i.os_sys_init1) refers to rtx_config.o(.bss) for os_fifo
    rt_task.o(i.os_sys_init1) refers to rtx_config.o(.constdata) for os_fifo_size
    rt_task.o(i.os_sys_init1) refers to rt_task.o(i.os_tsk_create0) for os_tsk_create0
    rt_task.o(i.os_tsk_create0) refers to rt_task.o(i.os_init_context) for os_init_context
    rt_task.o(i.os_tsk_create0) refers to rtx_config.o(.text) for tsk_unlock
    rt_task.o(i.os_tsk_create0) refers to rt_task.o(i.os_dispatch) for os_dispatch
    rt_task.o(i.os_tsk_create0) refers to rtx_config.o(.bss) for mp_tcb
    rt_task.o(i.os_tsk_create0) refers to rtx_config.o(.bss) for os_active_TCB
    rt_task.o(i.os_tsk_create0) refers to rtx_config.o(.constdata) for os_maxtaskrun
    rt_task.o(i.os_tsk_create_ex0) refers to rt_task.o(i.os_tsk_create0) for os_tsk_create0
    rt_task.o(i.os_tsk_delete) refers to hal_arm.o(i.os_stk_check) for os_stk_check
    rt_task.o(i.os_tsk_delete) refers to rt_list.o(i.os_get_first) for os_get_first
    rt_task.o(i.os_tsk_delete) refers to rt_list.o(i.os_rmv_dly) for os_rmv_dly
    rt_task.o(i.os_tsk_delete) refers to rt_list.o(i.os_put_prio) for os_put_prio
    rt_task.o(i.os_tsk_delete) refers to rt_list.o(i.os_rmv_list) for os_rmv_list
    rt_task.o(i.os_tsk_delete) refers to rtx_config.o(.text) for tsk_unlock
    rt_task.o(i.os_tsk_delete) refers to rt_task.o(i.os_dispatch) for os_dispatch
    rt_task.o(i.os_tsk_delete) refers to rtx_config.o(.bss) for os_active_TCB
    rt_task.o(i.os_tsk_delete) refers to rt_task.o(.data) for .data
    rt_task.o(i.os_tsk_delete) refers to rt_list.o(.bss) for os_rdy
    rt_task.o(i.os_tsk_delete) refers to rtx_config.o(.bss) for mp_stk
    rt_task.o(i.os_tsk_delete) refers to rtx_config.o(.bss) for mp_tcb
    rt_task.o(i.os_tsk_delete) refers to rtx_config.o(.constdata) for os_maxtaskrun
    rt_task.o(i.os_tsk_pass) refers to rt_list.o(i.os_get_same_rdy_prio) for os_get_same_rdy_prio
    rt_task.o(i.os_tsk_pass) refers to rt_list.o(i.os_put_prio) for os_put_prio
    rt_task.o(i.os_tsk_pass) refers to rtx_config.o(.text) for tsk_unlock
    rt_task.o(i.os_tsk_pass) refers to rt_task.o(.data) for .data
    rt_task.o(i.os_tsk_pass) refers to rt_list.o(.bss) for os_rdy
    rt_task.o(i.os_tsk_prio) refers to rt_list.o(i.os_put_prio) for os_put_prio
    rt_task.o(i.os_tsk_prio) refers to rtx_config.o(.text) for tsk_unlock
    rt_task.o(i.os_tsk_prio) refers to rt_list.o(i.os_resort_prio) for os_resort_prio
    rt_task.o(i.os_tsk_prio) refers to rt_list.o(i.os_get_first) for os_get_first
    rt_task.o(i.os_tsk_prio) refers to rt_task.o(i.os_dispatch) for os_dispatch
    rt_task.o(i.os_tsk_prio) refers to rt_task.o(.data) for .data
    rt_task.o(i.os_tsk_prio) refers to rtx_config.o(.constdata) for os_maxtaskrun
    rt_task.o(i.os_tsk_prio) refers to rtx_config.o(.bss) for os_active_TCB
    rt_task.o(i.os_tsk_prio) refers to rt_list.o(.bss) for os_rdy
    rt_task.o(i.os_tsk_self) refers to rt_task.o(.data) for .data
    rt_time.o(i.os_dly_wait) refers to rt_task.o(i.os_block) for os_block
    rt_time.o(i.os_dly_wait) refers to rtx_config.o(.text) for tsk_unlock
    rt_time.o(i.os_itv_set) refers to rt_task.o(.data) for os_runtask
    rt_time.o(i.os_itv_set) refers to rt_time.o(.data) for .data
    rt_time.o(i.os_itv_wait) refers to rt_task.o(i.os_block) for os_block
    rt_time.o(i.os_itv_wait) refers to rtx_config.o(.text) for tsk_unlock
    rt_time.o(i.os_itv_wait) refers to rt_task.o(.data) for os_runtask
    rt_time.o(i.os_itv_wait) refers to rt_time.o(.data) for .data
    rt_time.o(i.os_time_get) refers to rt_time.o(.data) for .data
    rt_mailbox.o(i.isr_mbx_receive) refers to rt_list.o(i.os_psq_enq) for os_psq_enq
    rt_mailbox.o(i.isr_mbx_receive) refers to rt_system.o(i.os_psh_req) for os_psh_req
    rt_mailbox.o(i.isr_mbx_send) refers to rt_list.o(i.os_psq_enq) for os_psq_enq
    rt_mailbox.o(i.isr_mbx_send) refers to rt_system.o(i.os_psh_req) for os_psh_req
    rt_mailbox.o(i.os_mbx_init) refers to rtx_config.o(.text) for tsk_unlock
    rt_mailbox.o(i.os_mbx_psh) refers to rt_list.o(i.os_get_first) for os_get_first
    rt_mailbox.o(i.os_mbx_psh) refers to rt_list.o(i.os_rmv_dly) for os_rmv_dly
    rt_mailbox.o(i.os_mbx_psh) refers to rt_list.o(i.os_put_prio) for os_put_prio
    rt_mailbox.o(i.os_mbx_psh) refers to rtx_config.o(.text) for os_error
    rt_mailbox.o(i.os_mbx_psh) refers to rt_list.o(.bss) for os_rdy
    rt_mailbox.o(i.os_mbx_send) refers to rt_list.o(i.os_put_prio) for os_put_prio
    rt_mailbox.o(i.os_mbx_send) refers to rt_list.o(i.os_get_first) for os_get_first
    rt_mailbox.o(i.os_mbx_send) refers to rt_list.o(i.os_rmv_dly) for os_rmv_dly
    rt_mailbox.o(i.os_mbx_send) refers to rt_task.o(i.os_dispatch) for os_dispatch
    rt_mailbox.o(i.os_mbx_send) refers to rt_task.o(i.os_block) for os_block
    rt_mailbox.o(i.os_mbx_send) refers to rtx_config.o(.text) for tsk_unlock
    rt_mailbox.o(i.os_mbx_send) refers to rt_task.o(.data) for os_runtask
    rt_mailbox.o(i.os_mbx_wait) refers to rt_list.o(i.os_get_first) for os_get_first
    rt_mailbox.o(i.os_mbx_wait) refers to rt_list.o(i.os_rmv_dly) for os_rmv_dly
    rt_mailbox.o(i.os_mbx_wait) refers to rt_task.o(i.os_dispatch) for os_dispatch
    rt_mailbox.o(i.os_mbx_wait) refers to rtx_config.o(.text) for tsk_unlock
    rt_mailbox.o(i.os_mbx_wait) refers to rt_list.o(i.os_put_prio) for os_put_prio
    rt_mailbox.o(i.os_mbx_wait) refers to rt_task.o(i.os_block) for os_block
    rt_mailbox.o(i.os_mbx_wait) refers to rt_task.o(.data) for os_runtask
    rt_mutex.o(i.os_mut_init) refers to rtx_config.o(.text) for tsk_unlock
    rt_mutex.o(i.os_mut_init) refers to rt_task.o(.data) for os_runtask
    rt_mutex.o(i.os_mut_release) refers to rtx_config.o(.text) for tsk_unlock
    rt_mutex.o(i.os_mut_release) refers to rt_list.o(i.os_get_first) for os_get_first
    rt_mutex.o(i.os_mut_release) refers to rt_list.o(i.os_rmv_dly) for os_rmv_dly
    rt_mutex.o(i.os_mut_release) refers to rt_list.o(i.os_put_prio) for os_put_prio
    rt_mutex.o(i.os_mut_release) refers to rt_task.o(i.os_dispatch) for os_dispatch
    rt_mutex.o(i.os_mut_release) refers to rt_task.o(.data) for os_runtask
    rt_mutex.o(i.os_mut_release) refers to rt_list.o(.bss) for os_rdy
    rt_mutex.o(i.os_mut_wait) refers to rtx_config.o(.text) for tsk_unlock
    rt_mutex.o(i.os_mut_wait) refers to rt_list.o(i.os_resort_prio) for os_resort_prio
    rt_mutex.o(i.os_mut_wait) refers to rt_list.o(i.os_put_prio) for os_put_prio
    rt_mutex.o(i.os_mut_wait) refers to rt_task.o(i.os_block) for os_block
    rt_mutex.o(i.os_mut_wait) refers to rt_task.o(.data) for os_runtask
    hal_arm.o(.emb_text) refers to hal_arm.o(.data) for sys_stktop
    hal_arm.o(.emb_text) refers to rt_task.o(i.os_sys_init1) for os_sys_init1
    hal_arm.o(.emb_text) refers to hal_arm.o(.data) for sys_mode
    hal_arm.o(.emb_text) refers to rtx_config.o(.text) for os_irq_ack_lock
    hal_arm.o(.emb_text) refers to rt_system.o(.data) for os_psh
    hal_arm.o(.emb_text) refers to rt_system.o(i.os_sys_manager) for os_sys_manager
    hal_arm.o(.emb_text) refers to swi_table.o(SWI_TABLE) for SWI_Table
    hal_arm.o(i.__SWI_0) refers to hal_arm.o(i.os_stk_check) for os_stk_check
    hal_arm.o(i.__SWI_0) refers to rtx_config.o(.text) for tsk_unlock
    hal_arm.o(i.__SWI_0) refers to hal_arm.o(.emb_text) for os_switch_tasks_ret
    hal_arm.o(i.__SWI_0) refers to rt_task.o(.data) for os_runtask
    hal_arm.o(i.os_init_stack) refers to rtx_config.o(.constdata) for os_stackinfo
    hal_arm.o(i.os_init_stack) refers to hal_arm.o(.data) for .data
    hal_arm.o(i.os_stk_check) refers to rtx_config.o(.text) for os_error
    hal_arm.o(i.os_stk_check) refers to rt_task.o(.data) for os_runtask
    rt_system.o(i.os_psh_req) refers to rtx_config.o(.text) for os_tmr_inspect_ovf
    rt_system.o(i.os_psh_req) refers to rt_system.o(.data) for .data
    rt_system.o(i.os_resume) refers to rt_list.o(i.os_put_rdy_first) for os_put_rdy_first
    rt_system.o(i.os_resume) refers to rt_list.o(i.os_dec_dly) for os_dec_dly
    rt_system.o(i.os_resume) refers to rt_timer.o(i.os_tmr_tick) for os_tmr_tick
    rt_system.o(i.os_resume) refers to rt_task.o(i.os_dispatch) for os_dispatch
    rt_system.o(i.os_resume) refers to rtx_config.o(.text) for tsk_unlock
    rt_system.o(i.os_resume) refers to rt_task.o(.data) for os_runtask
    rt_system.o(i.os_resume) refers to rt_robin.o(.data) for os_robin
    rt_system.o(i.os_resume) refers to rt_list.o(.bss) for os_dly
    rt_system.o(i.os_resume) refers to rt_time.o(.data) for os_time
    rt_system.o(i.os_resume) refers to rt_timer.o(.data) for os_tmr
    rt_system.o(i.os_suspend) refers to rt_list.o(.bss) for os_dly
    rt_system.o(i.os_suspend) refers to rt_timer.o(.data) for os_tmr
    rt_system.o(i.os_sys_manager) refers to rt_list.o(i.os_put_rdy_first) for os_put_rdy_first
    rt_system.o(i.os_sys_manager) refers to rtx_config.o(.text) for os_tmr_inspect_cnt
    rt_system.o(i.os_sys_manager) refers to rt_robin.o(i.os_chk_robin) for os_chk_robin
    rt_system.o(i.os_sys_manager) refers to rt_list.o(i.os_dec_dly) for os_dec_dly
    rt_system.o(i.os_sys_manager) refers to rt_semaphore.o(i.os_sem_psh) for os_sem_psh
    rt_system.o(i.os_sys_manager) refers to hal_arm.o(.emb_text) for _dec_qc
    rt_system.o(i.os_sys_manager) refers to rt_timer.o(i.os_tmr_tick) for os_tmr_tick
    rt_system.o(i.os_sys_manager) refers to hal_arm.o(i.os_stk_check) for os_stk_check
    rt_system.o(i.os_sys_manager) refers to rt_list.o(i.os_get_first) for os_get_first
    rt_system.o(i.os_sys_manager) refers to rt_event.o(i.os_evt_psh) for os_evt_psh
    rt_system.o(i.os_sys_manager) refers to rt_mailbox.o(i.os_mbx_psh) for os_mbx_psh
    rt_system.o(i.os_sys_manager) refers to rt_task.o(.data) for os_runtask
    rt_system.o(i.os_sys_manager) refers to rt_system.o(.data) for .data
    rt_system.o(i.os_sys_manager) refers to rt_time.o(.data) for os_time
    rt_system.o(i.os_sys_manager) refers to rtx_config.o(.bss) for os_fifo
    rt_system.o(i.os_sys_manager) refers to rt_list.o(.bss) for os_rdy
    rt_list.o(i.os_dec_dly) refers to rt_list.o(i.os_put_prio) for os_put_prio
    rt_list.o(i.os_dec_dly) refers to rt_list.o(.bss) for .bss
    rt_list.o(i.os_dec_dly) refers to rt_time.o(.data) for os_time
    rt_list.o(i.os_get_same_rdy_prio) refers to rt_list.o(.bss) for .bss
    rt_list.o(i.os_get_same_rdy_prio) refers to rt_task.o(.data) for os_runtask
    rt_list.o(i.os_psq_enq) refers to hal_arm.o(.emb_text) for _inc_qi
    rt_list.o(i.os_psq_enq) refers to rtx_config.o(.text) for os_error
    rt_list.o(i.os_psq_enq) refers to rtx_config.o(.bss) for os_fifo
    rt_list.o(i.os_put_dly) refers to rt_list.o(.bss) for .bss
    rt_list.o(i.os_put_rdy_first) refers to rt_list.o(.bss) for .bss
    rt_list.o(i.os_resort_prio) refers to rt_list.o(i.os_rmv_list) for os_rmv_list
    rt_list.o(i.os_resort_prio) refers to rt_list.o(i.os_put_prio) for os_put_prio
    rt_list.o(i.os_resort_prio) refers to rt_list.o(.bss) for .bss
    rt_list.o(i.os_rmv_list) refers to rt_list.o(.bss) for .bss
    rt_robin.o(i.os_chk_robin) refers to rt_list.o(i.os_get_first) for os_get_first
    rt_robin.o(i.os_chk_robin) refers to rt_list.o(i.os_put_prio) for os_put_prio
    rt_robin.o(i.os_chk_robin) refers to rt_robin.o(.data) for .data
    rt_robin.o(i.os_chk_robin) refers to rt_list.o(.bss) for os_rdy
    rt_robin.o(i.os_chk_robin) refers to rt_time.o(.data) for os_time
    rt_robin.o(i.os_init_robin) refers to rt_robin.o(.data) for .data
    rt_robin.o(i.os_init_robin) refers to rtx_config.o(.constdata) for os_rrobin
    swi_table.o(SWI_TABLE) refers to hal_arm.o(i.__SWI_0) for __SWI_0
    swi_table.o(SWI_TABLE) refers to rt_membox.o(i.__SWI_1) for __SWI_1
    swi_table.o(SWI_TABLE) refers to rt_membox.o(i.__SWI_2) for __SWI_2
    swi_table.o(SWI_TABLE) refers to hal_arm.o(i.__SWI_3) for __SWI_3
    swi_table.o(SWI_TABLE) refers to hal_arm.o(i.__SWI_4) for __SWI_4
    swi_table.o(SWI_TABLE) refers to rtx_config.o(.text) for __SWI_5
    swi_table.o(SWI_TABLE) refers to hal_arm.o(i.__SWI_6) for __SWI_6
    swi_table.o(SWI_TABLE) refers to hal_arm.o(i.__SWI_7) for __SWI_7
    rt_event.o(i.isr_evt_set) refers to rt_list.o(i.os_psq_enq) for os_psq_enq
    rt_event.o(i.isr_evt_set) refers to rt_system.o(i.os_psh_req) for os_psh_req
    rt_event.o(i.isr_evt_set) refers to rtx_config.o(.bss) for os_active_TCB
    rt_event.o(i.os_evt_clr) refers to rtx_config.o(.text) for tsk_unlock
    rt_event.o(i.os_evt_clr) refers to rtx_config.o(.bss) for os_active_TCB
    rt_event.o(i.os_evt_get) refers to rt_task.o(.data) for os_runtask
    rt_event.o(i.os_evt_psh) refers to rt_list.o(i.os_rmv_dly) for os_rmv_dly
    rt_event.o(i.os_evt_psh) refers to rt_list.o(i.os_put_prio) for os_put_prio
    rt_event.o(i.os_evt_psh) refers to rt_list.o(.bss) for os_rdy
    rt_event.o(i.os_evt_set) refers to rt_list.o(i.os_rmv_dly) for os_rmv_dly
    rt_event.o(i.os_evt_set) refers to rt_task.o(i.os_dispatch) for os_dispatch
    rt_event.o(i.os_evt_set) refers to rtx_config.o(.text) for tsk_unlock
    rt_event.o(i.os_evt_set) refers to rtx_config.o(.bss) for os_active_TCB
    rt_event.o(i.os_evt_wait) refers to rt_task.o(i.os_block) for os_block
    rt_event.o(i.os_evt_wait) refers to rtx_config.o(.text) for tsk_unlock
    rt_event.o(i.os_evt_wait) refers to rt_task.o(.data) for os_runtask
    rt_semaphore.o(i.isr_sem_send) refers to rt_list.o(i.os_psq_enq) for os_psq_enq
    rt_semaphore.o(i.isr_sem_send) refers to rt_system.o(i.os_psh_req) for os_psh_req
    rt_semaphore.o(i.os_sem_init) refers to rtx_config.o(.text) for tsk_unlock
    rt_semaphore.o(i.os_sem_psh) refers to rt_list.o(i.os_get_first) for os_get_first
    rt_semaphore.o(i.os_sem_psh) refers to rt_list.o(i.os_rmv_dly) for os_rmv_dly
    rt_semaphore.o(i.os_sem_psh) refers to rt_list.o(i.os_put_prio) for os_put_prio
    rt_semaphore.o(i.os_sem_psh) refers to rt_list.o(.bss) for os_rdy
    rt_semaphore.o(i.os_sem_send) refers to rt_list.o(i.os_get_first) for os_get_first
    rt_semaphore.o(i.os_sem_send) refers to rt_list.o(i.os_rmv_dly) for os_rmv_dly
    rt_semaphore.o(i.os_sem_send) refers to rt_task.o(i.os_dispatch) for os_dispatch
    rt_semaphore.o(i.os_sem_send) refers to rtx_config.o(.text) for tsk_unlock
    rt_semaphore.o(i.os_sem_wait) refers to rtx_config.o(.text) for tsk_unlock
    rt_semaphore.o(i.os_sem_wait) refers to rt_list.o(i.os_put_prio) for os_put_prio
    rt_semaphore.o(i.os_sem_wait) refers to rt_task.o(i.os_block) for os_block
    rt_semaphore.o(i.os_sem_wait) refers to rt_task.o(.data) for os_runtask
    rt_timer.o(i.os_tmr_create) refers to rtx_config.o(.text) for tsk_unlock
    rt_timer.o(i.os_tmr_create) refers to rtx_config.o(.data) for m_tmr
    rt_timer.o(i.os_tmr_create) refers to rt_timer.o(.data) for .data
    rt_timer.o(i.os_tmr_kill) refers to rtx_config.o(.text) for tsk_unlock
    rt_timer.o(i.os_tmr_kill) refers to rt_timer.o(.data) for .data
    rt_timer.o(i.os_tmr_kill) refers to rtx_config.o(.data) for m_tmr
    rt_timer.o(i.os_tmr_tick) refers to rtx_config.o(.text) for os_tmr_call
    rt_timer.o(i.os_tmr_tick) refers to rt_timer.o(.data) for .data
    rt_timer.o(i.os_tmr_tick) refers to rtx_config.o(.data) for m_tmr
    entry.o(.ARM.Collect$$$$00000000) refers (Special) to entry10a.o(.ARM.Collect$$$$0000000D) for __rt_final_cpp
    entry.o(.ARM.Collect$$$$00000000) refers (Special) to entry11a.o(.ARM.Collect$$$$0000000F) for __rt_final_exit
    entry.o(.ARM.Collect$$$$00000000) refers (Special) to entry7b.o(.ARM.Collect$$$$00000008) for _main_clock
    entry.o(.ARM.Collect$$$$00000000) refers (Special) to entry8b.o(.ARM.Collect$$$$0000000A) for _main_cpp_init
    entry.o(.ARM.Collect$$$$00000000) refers (Special) to entry9a.o(.ARM.Collect$$$$0000000B) for _main_init
    entry.o(.ARM.Collect$$$$00000000) refers (Special) to entry5.o(.ARM.Collect$$$$00000004) for _main_scatterload
    entry.o(.ARM.Collect$$$$00000000) refers (Special) to entry2.o(.ARM.Collect$$$$00000001) for _main_stk
    idiv.o(.text) refers to uidiv.o(.text) for __aeabi_uidivmod
    malloc.o(i.free) refers to mvars.o(.data) for __microlib_freelist
    malloc.o(i.malloc) refers to mvars.o(.data) for __microlib_freelist_initialised
    malloc.o(i.malloc) refers to mvars.o(.data) for __microlib_freelist
    malloc.o(i.malloc) refers to str91x.o(HEAP) for __heap_base
    mallocr.o(i.__free$realloc) refers to mvars.o(.data) for __microlib_freelist
    mallocr.o(i.__malloc$realloc) refers to mallocr.o(i.internal_alloc) for internal_alloc
    mallocr.o(i.__malloc$realloc) refers to mvars.o(.data) for __microlib_freelist_initialised
    mallocr.o(i.__malloc$realloc) refers to str91x.o(HEAP) for __heap_base
    mallocr.o(i.__malloc$realloc) refers to mvars.o(.data) for __microlib_freelist
    mallocr.o(i.internal_alloc) refers to memcpya.o(.text) for __aeabi_memcpy
    mallocr.o(i.internal_alloc) refers to mvars.o(.data) for __microlib_freelist
    mallocr.o(i.realloc) refers to mallocr.o(i.__free$realloc) for __free$realloc
    mallocr.o(i.realloc) refers to mallocr.o(i.internal_alloc) for internal_alloc
    mallocr.o(i.realloc) refers to mallocr.o(i.__malloc$realloc) for __malloc$realloc
    mallocr.o(i.realloc) refers to mvars.o(.data) for __microlib_freelist
    malloca.o(i.__aligned_malloc) refers to mvars.o(.data) for __microlib_freelist
    malloca.o(i.__aligned_malloc) refers to mvars.o(.data) for __microlib_freelist_initialised
    malloca.o(i.__aligned_malloc) refers to str91x.o(HEAP) for __heap_base
    malloca.o(i.__free$memalign) refers to mvars.o(.data) for __microlib_freelist
    malloca.o(i.__malloc$memalign) refers to malloca.o(i.__aligned_malloc) for __aligned_malloc
    mallocra.o(i.__aligned_malloc$realloc) refers to mallocra.o(i.internal_alloc) for internal_alloc
    mallocra.o(i.__aligned_malloc$realloc) refers to str91x.o(HEAP) for __heap_base
    mallocra.o(i.__aligned_malloc$realloc) refers to mvars.o(.data) for __microlib_freelist
    mallocra.o(i.__aligned_malloc$realloc) refers to mvars.o(.data) for __microlib_freelist_initialised
    mallocra.o(i.__free$realloc$memalign) refers to mvars.o(.data) for __microlib_freelist
    mallocra.o(i.__malloc$realloc$memalign) refers to mallocra.o(i.__aligned_malloc$realloc) for __aligned_malloc$realloc
    mallocra.o(i.__realloc$memalign) refers to mallocra.o(i.__free$realloc$memalign) for __free$realloc$memalign
    mallocra.o(i.__realloc$memalign) refers to mallocra.o(i.internal_alloc) for internal_alloc
    mallocra.o(i.__realloc$memalign) refers to mallocra.o(i.__malloc$realloc$memalign) for __malloc$realloc$memalign
    mallocra.o(i.__realloc$memalign) refers to mvars.o(.data) for __microlib_freelist
    mallocra.o(i.internal_alloc) refers to memcpya.o(.text) for __aeabi_memcpy
    mallocra.o(i.internal_alloc) refers to mvars.o(.data) for __microlib_freelist
    entry2.o(.ARM.Collect$$$$00000001) refers to entry2.o(.ARM.Collect$$$$00002712) for __lit__00000000
    entry2.o(.ARM.Collect$$$$00002712) refers to str91x.o(STACK) for __initial_sp
    entry5.o(.ARM.Collect$$$$00000004) refers to init.o(.text) for __scatterload
    entry9a.o(.ARM.Collect$$$$0000000B) refers to dashboard.o(.text) for main
    entry9b.o(.ARM.Collect$$$$0000000C) refers to dashboard.o(.text) for main
    init.o(.text) refers to entry5.o(.ARM.Collect$$$$00000004) for __main_after_scatterload


==============================================================================

Removing Unused input sections from the image.

    Removing dashboard.o(.data), (4 bytes).
    Removing dashboard.o(.data), (1 bytes).
    Removing dashboard.o(.data), (1 bytes).
    Removing dashboard.o(.data), (1 bytes).
    Removing dashboard.o(.data), (1 bytes).
    Removing dashboard.o(.data), (1 bytes).
    Removing dashboard.o(.data), (1 bytes).
    Removing dashboard.o(.data), (1 bytes).
    Removing dashboard.o(.data), (4 bytes).
    Removing dashboard.o(.data), (1 bytes).
    Removing dashboard.o(.data), (1 bytes).
    Removing str91x.o(HEAP), (0 bytes).
    Removing rt_task.o(i.os_tsk_create_ex0), (12 bytes).
    Removing rt_task.o(i.os_tsk_pass), (52 bytes).
    Removing rt_task.o(i.os_tsk_prio), (144 bytes).
    Removing rt_task.o(i.os_tsk_self), (16 bytes).
    Removing rt_time.o(i.os_dly_wait), (24 bytes).
    Removing rt_mailbox.o(i.isr_mbx_receive), (76 bytes).
    Removing rt_mailbox.o(i.isr_mbx_send), (16 bytes).
    Removing rt_mailbox.o(i.os_mbx_check), (8 bytes).
    Removing rt_system.o(.emb_text), (0 bytes).
    Removing rt_system.o(i.os_psh_req), (52 bytes).
    Removing rt_system.o(i.os_resume), (168 bytes).
    Removing rt_system.o(i.os_suspend), (52 bytes).
    Removing rt_list.o(i.os_get_same_rdy_prio), (36 bytes).
    Removing rt_list.o(i.os_psq_enq), (52 bytes).
    Removing rt_membox.o(i._calloc_box), (34 bytes).
    Removing rt_event.o(i.isr_evt_set), (40 bytes).
    Removing rt_event.o(i.os_evt_clr), (40 bytes).
    Removing rt_event.o(i.os_evt_get), (12 bytes).
    Removing rt_event.o(i.os_evt_set), (100 bytes).
    Removing rt_event.o(i.os_evt_wait), (96 bytes).
    Removing rt_semaphore.o(i.isr_sem_send), (18 bytes).
    Removing rt_semaphore.o(i.os_sem_init), (28 bytes).
    Removing rt_semaphore.o(i.os_sem_send), (58 bytes).
    Removing rt_semaphore.o(i.os_sem_wait), (96 bytes).
    Removing rt_timer.o(i.os_tmr_create), (92 bytes).
    Removing rt_timer.o(i.os_tmr_kill), (72 bytes).

38 unused section(s) (total 1411 bytes) removed from the image.

==============================================================================

Image Symbol Table

    Local Symbols

    Symbol Name                              Value     Ov Type        Size  Object(Section)

    Reset                                    0x00000000   Section      444  str91x.o(Reset)
    ../clib/microlib/division.c              0x00000000   Number         0  idiv.o ABSOLUTE
    ../clib/microlib/division.c              0x00000000   Number         0  uidiv.o ABSOLUTE
    ../clib/microlib/init/entry.s            0x00000000   Number         0  entry2.o ABSOLUTE
    ../clib/microlib/init/entry.s            0x00000000   Number         0  entry5.o ABSOLUTE
    ../clib/microlib/init/entry.s            0x00000000   Number         0  entry9b.o ABSOLUTE
    ../clib/microlib/init/entry.s            0x00000000   Number         0  entry.o ABSOLUTE
    ../clib/microlib/init/entry.s            0x00000000   Number         0  entry8a.o ABSOLUTE
    ../clib/microlib/init/entry.s            0x00000000   Number         0  entry8b.o ABSOLUTE
    ../clib/microlib/init/entry.s            0x00000000   Number         0  entry9a.o ABSOLUTE
    ../clib/microlib/init/entry.s            0x00000000   Number         0  entry10a.o ABSOLUTE
    ../clib/microlib/init/entry.s            0x00000000   Number         0  entry7b.o ABSOLUTE
    ../clib/microlib/init/entry.s            0x00000000   Number         0  entry10b.o ABSOLUTE
    ../clib/microlib/init/entry.s            0x00000000   Number         0  entry11a.o ABSOLUTE
    ../clib/microlib/init/entry.s            0x00000000   Number         0  entry11b.o ABSOLUTE
    ../clib/microlib/init/entry.s            0x00000000   Number         0  entry7a.o ABSOLUTE
    ../clib/microlib/malloc/malloc.c         0x00000000   Number         0  malloca.o ABSOLUTE
    ../clib/microlib/malloc/malloc.c         0x00000000   Number         0  mallocra.o ABSOLUTE
    ../clib/microlib/malloc/malloc.c         0x00000000   Number         0  malloc.o ABSOLUTE
    ../clib/microlib/malloc/malloc.c         0x00000000   Number         0  mallocr.o ABSOLUTE
    ../clib/microlib/malloc/mvars.c          0x00000000   Number         0  mvars.o ABSOLUTE
    ../clib/microlib/string/memcpy.c         0x00000000   Number         0  memcpyb.o ABSOLUTE
    ../clib/microlib/string/memcpy.c         0x00000000   Number         0  memcpya.o ABSOLUTE
    Dashboard.c                              0x00000000   Number         0  dashboard.o ABSOLUTE
    IRQ.c                                    0x00000000   Number         0  irq.o ABSOLUTE
    LCD.c                                    0x00000000   Number         0  lcd.o ABSOLUTE
    RTX_Config.c                             0x00000000   Number         0  rtx_config.o ABSOLUTE
    SRC\ARM\HAL_ARM.c                        0x00000000   Number         0  hal_arm.o ABSOLUTE
    SRC\ARM\SWI_Table.s                      0x00000000   Number         0  swi_table.o ABSOLUTE
    SRC\ARM\rt_Event.c                       0x00000000   Number         0  rt_event.o ABSOLUTE
    SRC\ARM\rt_List.c                        0x00000000   Number         0  rt_list.o ABSOLUTE
    SRC\ARM\rt_Mailbox.c                     0x00000000   Number         0  rt_mailbox.o ABSOLUTE
    SRC\ARM\rt_MemBox.c                      0x00000000   Number         0  rt_membox.o ABSOLUTE
    SRC\ARM\rt_Mutex.c                       0x00000000   Number         0  rt_mutex.o ABSOLUTE
    SRC\ARM\rt_Robin.c                       0x00000000   Number         0  rt_robin.o ABSOLUTE
    SRC\ARM\rt_Semaphore.c                   0x00000000   Number         0  rt_semaphore.o ABSOLUTE
    SRC\ARM\rt_System.c                      0x00000000   Number         0  rt_system.o ABSOLUTE
    SRC\ARM\rt_Task.c                        0x00000000   Number         0  rt_task.o ABSOLUTE
    SRC\ARM\rt_Time.c                        0x00000000   Number         0  rt_time.o ABSOLUTE
    SRC\ARM\rt_Timer.c                       0x00000000   Number         0  rt_timer.o ABSOLUTE
    SRC\\ARM\\HAL_ARM.c                      0x00000000   Number         0  hal_arm.o ABSOLUTE
    SRC\\ARM\\rt_System.c                    0x00000000   Number         0  rt_system.o ABSOLUTE
    STR91x.s                                 0x00000000   Number         0  str91x.o ABSOLUTE
    dc.s                                     0x00000000   Number         0  dc.o ABSOLUTE
    handlers.s                               0x00000000   Number         0  handlers.o ABSOLUTE
    init.s                                   0x00000000   Number         0  init.o ABSOLUTE
    UndefHandler                             0x00000040   ARM Code       4  str91x.o(Reset)
    PAbtHandler                              0x00000044   ARM Code       4  str91x.o(Reset)
    DAbtHandler                              0x00000048   ARM Code       4  str91x.o(Reset)
    IRQHandler                               0x0000004c   ARM Code       4  str91x.o(Reset)
    FIQHandler                               0x00000050   ARM Code       4  str91x.o(Reset)
    .ARM.Collect$$$$00000000                 0x000001bc   Section        0  entry.o(.ARM.Collect$$$$00000000)
    .ARM.Collect$$$$00000001                 0x000001bc   Section        4  entry2.o(.ARM.Collect$$$$00000001)
    .ARM.Collect$$$$00000004                 0x000001c0   Section        4  entry5.o(.ARM.Collect$$$$00000004)
    .ARM.Collect$$$$00000008                 0x000001c4   Section        0  entry7b.o(.ARM.Collect$$$$00000008)
    .ARM.Collect$$$$0000000A                 0x000001c4   Section        0  entry8b.o(.ARM.Collect$$$$0000000A)
    .ARM.Collect$$$$0000000B                 0x000001c4   Section       12  entry9a.o(.ARM.Collect$$$$0000000B)
    .ARM.Collect$$$$0000000D                 0x000001d0   Section        0  entry10a.o(.ARM.Collect$$$$0000000D)
    .ARM.Collect$$$$0000000F                 0x000001d0   Section        0  entry11a.o(.ARM.Collect$$$$0000000F)
    .ARM.Collect$$$$00002712                 0x000001d0   Section        4  entry2.o(.ARM.Collect$$$$00002712)
    __lit__00000000                          0x000001d0   Data           4  entry2.o(.ARM.Collect$$$$00002712)
    .emb_text                                0x000001d4   Section      516  hal_arm.o(.emb_text)
    Switch_task                              0x00000350   ARM Code       0  hal_arm.o(.emb_text)
    .text                                    0x000003d8   Section        0  lcd.o(.text)
    lcd_write                                0x000003d9   Thumb Code    38  lcd.o(.text)
    lcd_wait_busy                            0x000003ff   Thumb Code    44  lcd.o(.text)
    lcd_wr_cmd                               0x00000551   Thumb Code    22  lcd.o(.text)
    lcd_wr_data                              0x00000567   Thumb Code    22  lcd.o(.text)
    .text                                    0x000005a8   Section        0  irq.o(.text)
    .text                                    0x0000069c   Section        0  dashboard.o(.text)
    .text                                    0x00001028   Section        0  rtx_config.o(.text)
    .text                                    0x000010c4   Section        0  rtx_config.o(.text)
    os_def_interrupt                         0x000010c4   ARM Code      28  rtx_config.o(.text)
    .text                                    0x000010e0   Section        0  uidiv.o(.text)
    .text                                    0x0000110c   Section        0  idiv.o(.text)
    .text                                    0x00001134   Section       32  init.o(.text)
    SWI_TABLE                                0x00001154   Section       36  swi_table.o(SWI_TABLE)
    i.__SWI_0                                0x00001178   Section        0  hal_arm.o(i.__SWI_0)
    i.__SWI_1                                0x000011ac   Section        0  rt_membox.o(i.__SWI_1)
    i.__SWI_2                                0x000011ba   Section        0  rt_membox.o(i.__SWI_2)
    i.__SWI_3                                0x000011d2   Section        0  hal_arm.o(i.__SWI_3)
    i.__SWI_4                                0x000011da   Section        0  hal_arm.o(i.__SWI_4)
    i.__SWI_6                                0x000011e2   Section        0  hal_arm.o(i.__SWI_6)
    i.__SWI_7                                0x000011e4   Section        0  hal_arm.o(i.__SWI_7)
    i.__scatterload_copy                     0x000011e8   Section       28  handlers.o(i.__scatterload_copy)
    i.__scatterload_null                     0x00001204   Section        4  handlers.o(i.__scatterload_null)
    i.__scatterload_zeroinit                 0x00001208   Section       24  handlers.o(i.__scatterload_zeroinit)
    i._init_box                              0x00001220   Section        0  rt_membox.o(i._init_box)
    i.free                                   0x0000126c   Section        0  malloc.o(i.free)
    i.os_block                               0x000012c0   Section        0  rt_task.o(i.os_block)
    i.os_chk_robin                           0x00001308   Section        0  rt_robin.o(i.os_chk_robin)
    i.os_dec_dly                             0x00001350   Section        0  rt_list.o(i.os_dec_dly)
    i.os_dispatch                            0x000013cc   Section        0  rt_task.o(i.os_dispatch)
    i.os_evt_psh                             0x00001410   Section        0  rt_event.o(i.os_evt_psh)
    i.os_get_first                           0x00001460   Section        0  rt_list.o(i.os_get_first)
    i.os_init_context                        0x0000148c   Section        0  rt_task.o(i.os_init_context)
    os_init_context                          0x0000148d   Thumb Code    70  rt_task.o(i.os_init_context)
    i.os_init_robin                          0x000014d8   Section        0  rt_robin.o(i.os_init_robin)
    i.os_init_stack                          0x000014f0   Section        0  hal_arm.o(i.os_init_stack)
    i.os_itv_set                             0x00001564   Section        0  rt_time.o(i.os_itv_set)
    i.os_itv_wait                            0x0000157c   Section        0  rt_time.o(i.os_itv_wait)
    i.os_mbx_init                            0x000015b4   Section        0  rt_mailbox.o(i.os_mbx_init)
    i.os_mbx_psh                             0x000015e4   Section        0  rt_mailbox.o(i.os_mbx_psh)
    i.os_mbx_send                            0x00001674   Section        0  rt_mailbox.o(i.os_mbx_send)
    i.os_mbx_wait                            0x00001718   Section        0  rt_mailbox.o(i.os_mbx_wait)
    i.os_mut_init                            0x000017b8   Section        0  rt_mutex.o(i.os_mut_init)
    i.os_mut_release                         0x000017e8   Section        0  rt_mutex.o(i.os_mut_release)
    i.os_mut_wait                            0x000018cc   Section        0  rt_mutex.o(i.os_mut_wait)
    i.os_put_dly                             0x00001950   Section        0  rt_list.o(i.os_put_dly)
    i.os_put_prio                            0x000019a0   Section        0  rt_list.o(i.os_put_prio)
    i.os_put_rdy_first                       0x000019e0   Section        0  rt_list.o(i.os_put_rdy_first)
    i.os_resort_prio                         0x000019f4   Section        0  rt_list.o(i.os_resort_prio)
    i.os_rmv_dly                             0x00001a28   Section        0  rt_list.o(i.os_rmv_dly)
    i.os_rmv_list                            0x00001a54   Section        0  rt_list.o(i.os_rmv_list)
    i.os_sem_psh                             0x00001a88   Section        0  rt_semaphore.o(i.os_sem_psh)
    i.os_stk_check                           0x00001ac0   Section        0  hal_arm.o(i.os_stk_check)
    i.os_sys_init1                           0x00001af0   Section        0  rt_task.o(i.os_sys_init1)
    i.os_sys_manager                         0x00001bd8   Section        0  rt_system.o(i.os_sys_manager)
    i.os_time_get                            0x00001ca4   Section        0  rt_time.o(i.os_time_get)
    i.os_tmr_tick                            0x00001cb0   Section        0  rt_timer.o(i.os_tmr_tick)
    i.os_tsk_create0                         0x00001cf4   Section        0  rt_task.o(i.os_tsk_create0)
    i.os_tsk_delete                          0x00001d84   Section        0  rt_task.o(i.os_tsk_delete)
    .constdata                               0x00001ed4   Section       64  lcd.o(.constdata)
    UserFont                                 0x00001ed4   Data          64  lcd.o(.constdata)
    .constdata                               0x00001f14   Section        2  rtx_config.o(.constdata)
    .constdata                               0x00001f18   Section        4  rtx_config.o(.constdata)
    .constdata                               0x00001f1c   Section        4  rtx_config.o(.constdata)
    .constdata                               0x00001f20   Section        8  rtx_config.o(.constdata)
    __tagsym$$used                           0x00001f20   Number         0  rtx_config.o(.constdata)
    __tagsym$$used                           0x00001f24   Number         0  rtx_config.o(.constdata)
    .constdata                               0x00001f28   Section        2  rtx_config.o(.constdata)
    .constdata                               0x00001f2c   Section        4  rtx_config.o(.constdata)
    .constdata                               0x00001f30   Section        1  rtx_config.o(.constdata)
    .constdata                               0x00001f32   Section        2  rtx_config.o(.constdata)
    .constdata                               0x00001f34   Section        4  rt_system.o(.constdata)
    __tagsym$$used                           0x00001f34   Number         0  rt_system.o(.constdata)
    .data                                    0x04000000   Section        4  lcd.o(.data)
    lcd_ptr                                  0x04000000   Data           4  lcd.o(.data)
    .data                                    0x04000004   Section       10  irq.o(.data)
    .data                                    0x04000010   Section      144  dashboard.o(.data)
    .data                                    0x040000a0   Section        4  rtx_config.o(.data)
    .data                                    0x040000a4   Section        4  rt_task.o(.data)
    .data                                    0x040000a8   Section        4  rt_time.o(.data)
    .data                                    0x040000ac   Section        4  hal_arm.o(.data)
    .data                                    0x040000b0   Section        1  hal_arm.o(.data)
    .data                                    0x040000b4   Section        8  rt_system.o(.data)
    .data                                    0x040000bc   Section        8  rt_robin.o(.data)
    .data                                    0x040000c4   Section        8  rt_timer.o(.data)
    .data                                    0x040000cc   Section        4  mvars.o(.data)
    .bss                                     0x040000d0   Section      384  irq.o(.bss)
    .bss                                     0x04000250   Section       16  dashboard.o(.bss)
    .bss                                     0x04000260   Section     1132  rtx_config.o(.bss)
    .bss                                     0x040006d0   Section    10600  rtx_config.o(.bss)
    .bss                                     0x04003038   Section      132  rtx_config.o(.bss)
    .bss                                     0x040030bc   Section       80  rtx_config.o(.bss)
    .bss                                     0x0400310c   Section       56  rt_task.o(.bss)
    .bss                                     0x04003144   Section       48  rt_list.o(.bss)
    STACK                                    0x04003178   Section      384  str91x.o(STACK)
    Stack_Top                                0x040032f8   Data           0  str91x.o(STACK)

    Global Symbols

    Symbol Name                              Value     Ov Type        Size  Object(Section)

    BuildAttributes$$THM_ISAv2$ARM_ISAv5$E$P$S$PE$A:L22$X:L11$S22$IEEE1$IW$USESV6$~STKCKD$USESV7$~SHL$OSPACE$EBA8$MICROLIB$REQ8$PRES8$EABIv2 0x00000000   Number         0  anon$$obj.o ABSOLUTE
    __ARM_use_no_argv                        0x00000000   Number         0  dashboard.o ABSOLUTE
    __cpp_initialize__aeabi_                  - Undefined Weak Reference
    __cxa_finalize                            - Undefined Weak Reference
    __decompress                              - Undefined Weak Reference
    _clock_init                               - Undefined Weak Reference
    _microlib_exit                            - Undefined Weak Reference
    os_tmr_reload                             - Undefined Weak Reference
    rt_init                                   - Undefined Weak Reference
    rt_notify                                 - Undefined Weak Reference
    rt_post_taskswitch                        - Undefined Weak Reference
    Reset_Handler                            0x00000054   ARM Code       0  str91x.o(Reset)
    __main                                   0x000001bc   ARM Code       0  entry.o(.ARM.Collect$$$$00000000)
    _main_stk                                0x000001bc   ARM Code       0  entry2.o(.ARM.Collect$$$$00000001)
    _main_scatterload                        0x000001c0   ARM Code       0  entry5.o(.ARM.Collect$$$$00000004)
    __main_after_scatterload                 0x000001c4   ARM Code       0  entry5.o(.ARM.Collect$$$$00000004)
    _main_clock                              0x000001c4   ARM Code       0  entry7b.o(.ARM.Collect$$$$00000008)
    _main_cpp_init                           0x000001c4   ARM Code       0  entry8b.o(.ARM.Collect$$$$0000000A)
    _main_init                               0x000001c4   ARM Code       0  entry9a.o(.ARM.Collect$$$$0000000B)
    __rt_final_cpp                           0x000001d0   ARM Code       0  entry10a.o(.ARM.Collect$$$$0000000D)
    __rt_final_exit                          0x000001d0   ARM Code       0  entry11a.o(.ARM.Collect$$$$0000000F)
    _inc_qi                                  0x000001d5   Thumb Code    60  hal_arm.o(.emb_text)
    _dec_qc                                  0x00000211   Thumb Code    32  hal_arm.o(.emb_text)
    os_set_env                               0x00000231   Thumb Code     8  hal_arm.o(.emb_text)
    os_sys_init0                             0x00000239   Thumb Code    32  hal_arm.o(.emb_text)
    os_sys_run                               0x00000265   Thumb Code    16  hal_arm.o(.emb_text)
    os_clock_interrupt                       0x00000278   ARM Code     128  hal_arm.o(.emb_text)
    os_sys_manager_ret                       0x000002e5   Thumb Code     0  hal_arm.o(.emb_text)
    SWI_Handler                              0x0000030c   ARM Code     196  hal_arm.o(.emb_text)
    os_switch_tasks_ret                      0x00000349   Thumb Code     0  hal_arm.o(.emb_text)
    LCD_putc                                 0x0000042b   Thumb Code    32  lcd.o(.text)
    LCD_puts                                 0x0000044b   Thumb Code    20  lcd.o(.text)
    LCD_gotoxy                               0x0000045f   Thumb Code    32  lcd.o(.text)
    __RL_RTX_VER                             0x00000474   Number         0  rt_system.o ABSOLUTE
    LCD_cls                                  0x0000047f   Thumb Code    18  lcd.o(.text)
    LCD_load                                 0x00000491   Thumb Code    32  lcd.o(.text)
    LCD_init                                 0x000004b1   Thumb Code    92  lcd.o(.text)
    LCD_cur_off                              0x0000050d   Thumb Code    10  lcd.o(.text)
    LCD_on                                   0x00000517   Thumb Code    10  lcd.o(.text)
    LCD_bargraph                             0x00000521   Thumb Code    48  lcd.o(.text)
    ADC_IRQ_Handler                          0x000005a8   ARM Code     216  irq.o(.text)
    print_uns_char                           0x0000069d   Thumb Code    40  dashboard.o(.text)
    read_buttons                             0x000006c5   Thumb Code    38  dashboard.o(.text)
    read_mailboxes                           0x000006eb   Thumb Code   108  dashboard.o(.text)
    start_ADC                                0x00000757   Thumb Code    24  dashboard.o(.text)
    write_led                                0x0000076f   Thumb Code    52  dashboard.o(.text)
    delay                                    0x000007a3   Thumb Code    22  dashboard.o(.text)
    write_LCD                                0x000007b9   Thumb Code   120  dashboard.o(.text)
    write_speed_alarm_LCD                    0x00000831   Thumb Code    52  dashboard.o(.text)
    write_aircon_LCD                         0x00000865   Thumb Code    64  dashboard.o(.text)
    write_collision_LCD                      0x000008a5   Thumb Code    66  dashboard.o(.text)
    PWM_StMch_B0                             0x000008e7   Thumb Code    88  dashboard.o(.text)
    PWM_StMch_B1                             0x0000093f   Thumb Code    88  dashboard.o(.text)
    SPEED_ALARM_StMch                        0x00000997   Thumb Code   106  dashboard.o(.text)
    SPEED_ALARM_Ctrl                         0x00000a01   Thumb Code    28  dashboard.o(.text)
    INT_LIGHT_DIM_Ctrl                       0x00000a1d   Thumb Code    30  dashboard.o(.text)
    INT_LIGHT_StMch                          0x00000a3b   Thumb Code   386  dashboard.o(.text)
    ALARM_StMch                              0x00000bbd   Thumb Code    84  dashboard.o(.text)
    AIRCON_StMch                             0x00000c11   Thumb Code   102  dashboard.o(.text)
    COLLISION_StMch                          0x00000c77   Thumb Code    82  dashboard.o(.text)
    COLLISION_Ctrl                           0x00000cc9   Thumb Code    28  dashboard.o(.text)
    AIRCON_Ctrl                              0x00000ce5   Thumb Code    28  dashboard.o(.text)
    ALARM_Ctrl                               0x00000d01   Thumb Code    32  dashboard.o(.text)
    INT_LIGHT_Ctrl                           0x00000d21   Thumb Code    32  dashboard.o(.text)
    DOOR_Ctrl                                0x00000d41   Thumb Code    54  dashboard.o(.text)
    ENGINE_Ctrl                              0x00000d77   Thumb Code    52  dashboard.o(.text)
    PWM_Gen                                  0x00000dab   Thumb Code    28  dashboard.o(.text)
    DC_Comp                                  0x00000dc7   Thumb Code    52  dashboard.o(.text)
    ADC_Con                                  0x00000dfb   Thumb Code    40  dashboard.o(.text)
    init                                     0x00000e23   Thumb Code   498  dashboard.o(.text)
    main                                     0x00001015   Thumb Code    16  dashboard.o(.text)
    os_idle_demon                            0x00001029   Thumb Code     2  rtx_config.o(.text)
    os_tmr_call                              0x0000102b   Thumb Code     2  rtx_config.o(.text)
    os_error                                 0x0000102d   Thumb Code     2  rtx_config.o(.text)
    os_tmr_init                              0x0000102f   Thumb Code    44  rtx_config.o(.text)
    os_tmr_force_irq                         0x0000105b   Thumb Code     8  rtx_config.o(.text)
    os_tmr_inspect_cnt                       0x00001063   Thumb Code    12  rtx_config.o(.text)
    os_tmr_inspect_ovf                       0x0000106f   Thumb Code    12  rtx_config.o(.text)
    os_irq_ack_lock                          0x0000107b   Thumb Code    20  rtx_config.o(.text)
    __SWI_5                                  0x0000108f   Thumb Code     8  rtx_config.o(.text)
    tsk_unlock                               0x00001097   Thumb Code     8  rtx_config.o(.text)
    __aeabi_uidiv                            0x000010e1   Thumb Code     0  uidiv.o(.text)
    __aeabi_uidivmod                         0x000010e1   Thumb Code    44  uidiv.o(.text)
    __aeabi_idiv                             0x0000110d   Thumb Code     0  idiv.o(.text)
    __aeabi_idivmod                          0x0000110d   Thumb Code    40  idiv.o(.text)
    __scatterload                            0x00001135   Thumb Code    22  init.o(.text)
    __scatterload_rt2                        0x00001135   Thumb Code     0  init.o(.text)
    SWI_Count                                0x00001154   Data           4  swi_table.o(SWI_TABLE)
    SWI_Table                                0x00001158   Data           0  swi_table.o(SWI_TABLE)
    __SWI_0                                  0x00001179   Thumb Code    46  hal_arm.o(i.__SWI_0)
    __SWI_1                                  0x000011ad   Thumb Code    14  rt_membox.o(i.__SWI_1)
    __SWI_2                                  0x000011bb   Thumb Code    24  rt_membox.o(i.__SWI_2)
    __SWI_3                                  0x000011d3   Thumb Code     8  hal_arm.o(i.__SWI_3)
    __SWI_4                                  0x000011db   Thumb Code     8  hal_arm.o(i.__SWI_4)
    __SWI_6                                  0x000011e3   Thumb Code     2  hal_arm.o(i.__SWI_6)
    __SWI_7                                  0x000011e5   Thumb Code     2  hal_arm.o(i.__SWI_7)
    __scatterload_copy                       0x000011e8   ARM Code      28  handlers.o(i.__scatterload_copy)
    __scatterload_null                       0x00001204   ARM Code       4  handlers.o(i.__scatterload_null)
    __scatterload_zeroinit                   0x00001208   ARM Code      24  handlers.o(i.__scatterload_zeroinit)
    _init_box                                0x00001221   Thumb Code    74  rt_membox.o(i._init_box)
    free                                     0x0000126d   Thumb Code    80  malloc.o(i.free)
    os_block                                 0x000012c1   Thumb Code    58  rt_task.o(i.os_block)
    os_chk_robin                             0x00001309   Thumb Code    60  rt_robin.o(i.os_chk_robin)
    os_dec_dly                               0x00001351   Thumb Code   116  rt_list.o(i.os_dec_dly)
    os_dispatch                              0x000013cd   Thumb Code    60  rt_task.o(i.os_dispatch)
    os_evt_psh                               0x00001411   Thumb Code    74  rt_event.o(i.os_evt_psh)
    os_get_first                             0x00001461   Thumb Code    42  rt_list.o(i.os_get_first)
    os_init_robin                            0x000014d9   Thumb Code    16  rt_robin.o(i.os_init_robin)
    os_init_stack                            0x000014f1   Thumb Code   100  hal_arm.o(i.os_init_stack)
    os_itv_set                               0x00001565   Thumb Code    16  rt_time.o(i.os_itv_set)
    os_itv_wait                              0x0000157d   Thumb Code    46  rt_time.o(i.os_itv_wait)
    os_mbx_init                              0x000015b5   Thumb Code    44  rt_mailbox.o(i.os_mbx_init)
    os_mbx_psh                               0x000015e5   Thumb Code   140  rt_mailbox.o(i.os_mbx_psh)
    os_mbx_send                              0x00001675   Thumb Code   158  rt_mailbox.o(i.os_mbx_send)
    os_mbx_wait                              0x00001719   Thumb Code   154  rt_mailbox.o(i.os_mbx_wait)
    os_mut_init                              0x000017b9   Thumb Code    44  rt_mutex.o(i.os_mut_init)
    os_mut_release                           0x000017e9   Thumb Code   218  rt_mutex.o(i.os_mut_release)
    os_mut_wait                              0x000018cd   Thumb Code   128  rt_mutex.o(i.os_mut_wait)
    os_put_dly                               0x00001951   Thumb Code    76  rt_list.o(i.os_put_dly)
    os_put_prio                              0x000019a1   Thumb Code    62  rt_list.o(i.os_put_prio)
    os_put_rdy_first                         0x000019e1   Thumb Code    14  rt_list.o(i.os_put_rdy_first)
    os_resort_prio                           0x000019f5   Thumb Code    48  rt_list.o(i.os_resort_prio)
    os_rmv_dly                               0x00001a29   Thumb Code    44  rt_list.o(i.os_rmv_dly)
    os_rmv_list                              0x00001a55   Thumb Code    46  rt_list.o(i.os_rmv_list)
    os_sem_psh                               0x00001a89   Thumb Code    50  rt_semaphore.o(i.os_sem_psh)
    os_stk_check                             0x00001ac1   Thumb Code    38  hal_arm.o(i.os_stk_check)
    os_sys_init1                             0x00001af1   Thumb Code   162  rt_task.o(i.os_sys_init1)
    os_sys_manager                           0x00001bd9   Thumb Code   184  rt_system.o(i.os_sys_manager)
    os_time_get                              0x00001ca5   Thumb Code     6  rt_time.o(i.os_time_get)
    os_tmr_tick                              0x00001cb1   Thumb Code    58  rt_timer.o(i.os_tmr_tick)
    os_tsk_create0                           0x00001cf5   Thumb Code   130  rt_task.o(i.os_tsk_create0)
    os_tsk_delete                            0x00001d85   Thumb Code   312  rt_task.o(i.os_tsk_delete)
    os_maxtaskrun                            0x00001f14   Data           2  rtx_config.o(.constdata)
    os_stackinfo                             0x00001f18   Data           4  rtx_config.o(.constdata)
    os_rrobin                                0x00001f1c   Data           4  rtx_config.o(.constdata)
    os_clockrate                             0x00001f20   Data           4  rtx_config.o(.constdata)
    os_timernum                              0x00001f24   Data           4  rtx_config.o(.constdata)
    mp_tcb_size                              0x00001f28   Data           2  rtx_config.o(.constdata)
    mp_stk_size                              0x00001f2c   Data           4  rtx_config.o(.constdata)
    os_fifo_size                             0x00001f30   Data           1  rtx_config.o(.constdata)
    mp_tmr_size                              0x00001f32   Data           2  rtx_config.o(.constdata)
    RL_RTX_Version                           0x00001f34   Data           4  rt_system.o(.constdata)
    Region$$Table$$Base                      0x00001f38   Number         0  anon$$obj.o(Region$$Table)
    Region$$Table$$Limit                     0x00001f58   Number         0  anon$$obj.o(Region$$Table)
    AD_in_progress                           0x04000004   Data           1  irq.o(.data)
    Potentiometer                            0x04000006   Data           2  irq.o(.data)
    SlideSensor                              0x04000008   Data           2  irq.o(.data)
    ForceSensor                              0x0400000a   Data           2  irq.o(.data)
    Temperature                              0x0400000c   Data           2  irq.o(.data)
    B0                                       0x04000010   Data           1  dashboard.o(.data)
    B1                                       0x04000011   Data           1  dashboard.o(.data)
    B2                                       0x04000012   Data           1  dashboard.o(.data)
    B3                                       0x04000013   Data           1  dashboard.o(.data)
    B4                                       0x04000014   Data           1  dashboard.o(.data)
    B5                                       0x04000015   Data           1  dashboard.o(.data)
    B6                                       0x04000016   Data           1  dashboard.o(.data)
    B7                                       0x04000017   Data           1  dashboard.o(.data)
    A0                                       0x04000018   Data           1  dashboard.o(.data)
    A1                                       0x04000019   Data           1  dashboard.o(.data)
    potentiometer                            0x0400001a   Data           2  dashboard.o(.data)
    slide_sensor                             0x0400001c   Data           2  dashboard.o(.data)
    force_sensor                             0x0400001e   Data           2  dashboard.o(.data)
    temperature                              0x04000020   Data           2  dashboard.o(.data)
    d_cycle                                  0x04000022   Data           2  dashboard.o(.data)
    int_light_counter_max                    0x04000024   Data           4  dashboard.o(.data)
    ambient_light_threshold                  0x04000028   Data           4  dashboard.o(.data)
    int_light_door_reset                     0x0400002c   Data           4  dashboard.o(.data)
    engine_state                             0x04000030   Data           4  dashboard.o(.data)
    door_state                               0x04000034   Data           4  dashboard.o(.data)
    collision_threshold                      0x04000038   Data           4  dashboard.o(.data)
    collision_reset                          0x0400003c   Data           4  dashboard.o(.data)
    zero_point                               0x04000040   Data           4  dashboard.o(.data)
    heater_lowerbound                        0x04000044   Data           4  dashboard.o(.data)
    heater_upperbound                        0x04000048   Data           4  dashboard.o(.data)
    cooler_lowerbound                        0x0400004c   Data           4  dashboard.o(.data)
    cooler_upperbound                        0x04000050   Data           4  dashboard.o(.data)
    speed_alarm_threshold                    0x04000054   Data           4  dashboard.o(.data)
    counter                                  0x04000058   Data           4  dashboard.o(.data)
    int_light_counter                        0x0400005c   Data           4  dashboard.o(.data)
    int_light_dimmer                         0x04000060   Data           4  dashboard.o(.data)
    int_light_brightness                     0x04000064   Data           4  dashboard.o(.data)
    int_light_dimming_counter                0x04000068   Data           4  dashboard.o(.data)
    alarm_counter                            0x0400006c   Data           4  dashboard.o(.data)
    speed_alarm_counter                      0x04000070   Data           4  dashboard.o(.data)
    ADC_Conversion_ID                        0x04000074   Data           4  dashboard.o(.data)
    DC_Computation_ID                        0x04000078   Data           4  dashboard.o(.data)
    PWM_Generator_ID                         0x0400007c   Data           4  dashboard.o(.data)
    INT_LIGHT_Controller_ID                  0x04000080   Data           4  dashboard.o(.data)
    ALARM_Controller_ID                      0x04000084   Data           4  dashboard.o(.data)
    COLLISION_Controller_ID                  0x04000088   Data           4  dashboard.o(.data)
    ENGINE_Controller_ID                     0x0400008c   Data           4  dashboard.o(.data)
    DOOR_Controller_ID                       0x04000090   Data           4  dashboard.o(.data)
    AIRCON_Controller_ID                     0x04000094   Data           4  dashboard.o(.data)
    INT_LIGHT_DIM_Controller_ID              0x04000098   Data           4  dashboard.o(.data)
    SPEED_ALARM_Controller_ID                0x0400009c   Data           4  dashboard.o(.data)
    m_tmr                                    0x040000a0   Data           4  rtx_config.o(.data)
    os_runtask                               0x040000a4   Data           4  rt_task.o(.data)
    os_time                                  0x040000a8   Data           4  rt_time.o(.data)
    sys_stktop                               0x040000ac   Data           4  hal_arm.o(.data)
    sys_mode                                 0x040000b0   Data           1  hal_arm.o(.data)
    os_psh                                   0x040000b4   Data           8  rt_system.o(.data)
    os_robin                                 0x040000bc   Data           8  rt_robin.o(.data)
    os_tmr                                   0x040000c4   Data           8  rt_timer.o(.data)
    __microlib_freelist                      0x040000cc   Data           4  mvars.o(.data)
    mailbox1                                 0x040000d0   Data          96  irq.o(.bss)
    mailbox2                                 0x04000130   Data          96  irq.o(.bss)
    mailbox3                                 0x04000190   Data          96  irq.o(.bss)
    mailbox4                                 0x040001f0   Data          96  irq.o(.bss)
    LCD_Mutex                                0x04000250   Data          16  dashboard.o(.bss)
    mp_tcb                                   0x04000260   Data        1132  rtx_config.o(.bss)
    mp_stk                                   0x040006d0   Data       10600  rtx_config.o(.bss)
    os_fifo                                  0x04003038   Data         132  rtx_config.o(.bss)
    os_active_TCB                            0x040030bc   Data          80  rtx_config.o(.bss)
    os_idle_TCB                              0x0400310c   Data          56  rt_task.o(.bss)
    os_rdy                                   0x04003144   Data          24  rt_list.o(.bss)
    os_dly                                   0x0400315c   Data          24  rt_list.o(.bss)
    __initial_sp                             0x040031f8   Data         256  str91x.o(STACK)



==============================================================================

Memory Map of the image

  Image Entry point : 0x000001bc

  Load Region LR_IROM1 (Base: 0x00000000, Size: 0x00002028, Max: 0x00080000, ABSOLUTE)

    Execution Region ER_IROM1 (Base: 0x00000000, Size: 0x00001f58, Max: 0x00080000, ABSOLUTE)

    Base Addr    Size         Type   Attr      Idx    E Section Name        Object

    0x00000000   0x000001bc   Code   RO          175    Reset               str91x.o
    0x000001bc   0x00000000   Code   RO          717  * .ARM.Collect$$$$00000000  mc_5.l(entry.o)
    0x000001bc   0x00000004   Code   RO          752    .ARM.Collect$$$$00000001  mc_5.l(entry2.o)
    0x000001c0   0x00000004   Code   RO          754    .ARM.Collect$$$$00000004  mc_5.l(entry5.o)
    0x000001c4   0x00000000   Code   RO          756    .ARM.Collect$$$$00000008  mc_5.l(entry7b.o)
    0x000001c4   0x00000000   Code   RO          758    .ARM.Collect$$$$0000000A  mc_5.l(entry8b.o)
    0x000001c4   0x0000000c   Code   RO          759    .ARM.Collect$$$$0000000B  mc_5.l(entry9a.o)
    0x000001d0   0x00000000   Code   RO          761    .ARM.Collect$$$$0000000D  mc_5.l(entry10a.o)
    0x000001d0   0x00000000   Code   RO          763    .ARM.Collect$$$$0000000F  mc_5.l(entry11a.o)
    0x000001d0   0x00000004   Code   RO          753    .ARM.Collect$$$$00002712  mc_5.l(entry2.o)
    0x000001d4   0x00000204   Code   RO          381    .emb_text           RTX_ARM_L.LIB(hal_arm.o)
    0x000003d8   0x000001d0   Code   RO            1    .text               lcd.o
    0x000005a8   0x000000f4   Code   RO           88    .text               irq.o
    0x0000069c   0x0000098c   Code   RO          107    .text               dashboard.o
    0x00001028   0x0000009c   Code   RO          138    .text               rtx_config.o
    0x000010c4   0x0000001c   Code   RO          139    .text               rtx_config.o
    0x000010e0   0x0000002c   Code   RO          720    .text               mc_5.l(uidiv.o)
    0x0000110c   0x00000028   Code   RO          722    .text               mc_5.l(idiv.o)
    0x00001134   0x00000020   Code   RO          771    .text               mc_5.l(init.o)
    0x00001154   0x00000024   Code   RO          609    SWI_TABLE           RTX_ARM_L.LIB(swi_table.o)
    0x00001178   0x00000034   Code   RO          382    i.__SWI_0           RTX_ARM_L.LIB(hal_arm.o)
    0x000011ac   0x0000000e   Code   RO          579    i.__SWI_1           RTX_ARM_L.LIB(rt_membox.o)
    0x000011ba   0x00000018   Code   RO          580    i.__SWI_2           RTX_ARM_L.LIB(rt_membox.o)
    0x000011d2   0x00000008   Code   RO          383    i.__SWI_3           RTX_ARM_L.LIB(hal_arm.o)
    0x000011da   0x00000008   Code   RO          384    i.__SWI_4           RTX_ARM_L.LIB(hal_arm.o)
    0x000011e2   0x00000002   Code   RO          385    i.__SWI_6           RTX_ARM_L.LIB(hal_arm.o)
    0x000011e4   0x00000002   Code   RO          386    i.__SWI_7           RTX_ARM_L.LIB(hal_arm.o)
    0x000011e6   0x00000002   PAD
    0x000011e8   0x0000001c   Code   RO          775    i.__scatterload_copy  mc_5.l(handlers.o)
    0x00001204   0x00000004   Code   RO          776    i.__scatterload_null  mc_5.l(handlers.o)
    0x00001208   0x00000018   Code   RO          777    i.__scatterload_zeroinit  mc_5.l(handlers.o)
    0x00001220   0x0000004a   Code   RO          582    i._init_box         RTX_ARM_L.LIB(rt_membox.o)
    0x0000126a   0x00000002   PAD
    0x0000126c   0x00000054   Code   RO          724    i.free              mc_5.l(malloc.o)
    0x000012c0   0x00000048   Code   RO          179    i.os_block          RTX_ARM_L.LIB(rt_task.o)
    0x00001308   0x00000048   Code   RO          558    i.os_chk_robin      RTX_ARM_L.LIB(rt_robin.o)
    0x00001350   0x0000007c   Code   RO          486    i.os_dec_dly        RTX_ARM_L.LIB(rt_list.o)
    0x000013cc   0x00000044   Code   RO          180    i.os_dispatch       RTX_ARM_L.LIB(rt_task.o)
    0x00001410   0x00000050   Code   RO          615    i.os_evt_psh        RTX_ARM_L.LIB(rt_event.o)
    0x00001460   0x0000002a   Code   RO          487    i.os_get_first      RTX_ARM_L.LIB(rt_list.o)
    0x0000148a   0x00000002   PAD
    0x0000148c   0x0000004c   Code   RO          181    i.os_init_context   RTX_ARM_L.LIB(rt_task.o)
    0x000014d8   0x00000018   Code   RO          559    i.os_init_robin     RTX_ARM_L.LIB(rt_robin.o)
    0x000014f0   0x00000074   Code   RO          387    i.os_init_stack     RTX_ARM_L.LIB(hal_arm.o)
    0x00001564   0x00000018   Code   RO          273    i.os_itv_set        RTX_ARM_L.LIB(rt_time.o)
    0x0000157c   0x00000038   Code   RO          274    i.os_itv_wait       RTX_ARM_L.LIB(rt_time.o)
    0x000015b4   0x00000030   Code   RO          312    i.os_mbx_init       RTX_ARM_L.LIB(rt_mailbox.o)
    0x000015e4   0x00000090   Code   RO          313    i.os_mbx_psh        RTX_ARM_L.LIB(rt_mailbox.o)
    0x00001674   0x000000a4   Code   RO          314    i.os_mbx_send       RTX_ARM_L.LIB(rt_mailbox.o)
    0x00001718   0x000000a0   Code   RO          315    i.os_mbx_wait       RTX_ARM_L.LIB(rt_mailbox.o)
    0x000017b8   0x00000030   Code   RO          357    i.os_mut_init       RTX_ARM_L.LIB(rt_mutex.o)
    0x000017e8   0x000000e4   Code   RO          358    i.os_mut_release    RTX_ARM_L.LIB(rt_mutex.o)
    0x000018cc   0x00000084   Code   RO          359    i.os_mut_wait       RTX_ARM_L.LIB(rt_mutex.o)
    0x00001950   0x00000050   Code   RO          490    i.os_put_dly        RTX_ARM_L.LIB(rt_list.o)
    0x000019a0   0x0000003e   Code   RO          491    i.os_put_prio       RTX_ARM_L.LIB(rt_list.o)
    0x000019de   0x00000002   PAD
    0x000019e0   0x00000014   Code   RO          492    i.os_put_rdy_first  RTX_ARM_L.LIB(rt_list.o)
    0x000019f4   0x00000034   Code   RO          493    i.os_resort_prio    RTX_ARM_L.LIB(rt_list.o)
    0x00001a28   0x0000002c   Code   RO          494    i.os_rmv_dly        RTX_ARM_L.LIB(rt_list.o)
    0x00001a54   0x00000034   Code   RO          495    i.os_rmv_list       RTX_ARM_L.LIB(rt_list.o)
    0x00001a88   0x00000038   Code   RO          656    i.os_sem_psh        RTX_ARM_L.LIB(rt_semaphore.o)
    0x00001ac0   0x00000030   Code   RO          388    i.os_stk_check      RTX_ARM_L.LIB(hal_arm.o)
    0x00001af0   0x000000e8   Code   RO          182    i.os_sys_init1      RTX_ARM_L.LIB(rt_task.o)
    0x00001bd8   0x000000cc   Code   RO          444    i.os_sys_manager    RTX_ARM_L.LIB(rt_system.o)
    0x00001ca4   0x0000000c   Code   RO          275    i.os_time_get       RTX_ARM_L.LIB(rt_time.o)
    0x00001cb0   0x00000044   Code   RO          692    i.os_tmr_tick       RTX_ARM_L.LIB(rt_timer.o)
    0x00001cf4   0x00000090   Code   RO          183    i.os_tsk_create0    RTX_ARM_L.LIB(rt_task.o)
    0x00001d84   0x00000150   Code   RO          185    i.os_tsk_delete     RTX_ARM_L.LIB(rt_task.o)
    0x00001ed4   0x00000040   Data   RO            2    .constdata          lcd.o
    0x00001f14   0x00000002   Data   RO          144    .constdata          rtx_config.o
    0x00001f16   0x00000002   PAD
    0x00001f18   0x00000004   Data   RO          145    .constdata          rtx_config.o
    0x00001f1c   0x00000004   Data   RO          146    .constdata          rtx_config.o
    0x00001f20   0x00000008   Data   RO          147    .constdata          rtx_config.o
    0x00001f28   0x00000002   Data   RO          148    .constdata          rtx_config.o
    0x00001f2a   0x00000002   PAD
    0x00001f2c   0x00000004   Data   RO          149    .constdata          rtx_config.o
    0x00001f30   0x00000001   Data   RO          150    .constdata          rtx_config.o
    0x00001f31   0x00000001   PAD
    0x00001f32   0x00000002   Data   RO          151    .constdata          rtx_config.o
    0x00001f34   0x00000004   Data   RO          445    .constdata          RTX_ARM_L.LIB(rt_system.o)
    0x00001f38   0x00000020   Data   RO          773    Region$$Table       anon$$obj.o


    Execution Region RW_IRAM1 (Base: 0x04000000, Size: 0x000032f8, Max: 0x00018000, ABSOLUTE)

    Base Addr    Size         Type   Attr      Idx    E Section Name        Object

    0x04000000   0x00000004   Data   RW            3    .data               lcd.o
    0x04000004   0x0000000a   Data   RW           90    .data               irq.o
    0x0400000e   0x00000002   PAD
    0x04000010   0x00000090   Data   RW          109    .data               dashboard.o
    0x040000a0   0x00000004   Data   RW          152    .data               rtx_config.o
    0x040000a4   0x00000004   Data   RW          190    .data               RTX_ARM_L.LIB(rt_task.o)
    0x040000a8   0x00000004   Data   RW          276    .data               RTX_ARM_L.LIB(rt_time.o)
    0x040000ac   0x00000004   Data   RW          389    .data               RTX_ARM_L.LIB(hal_arm.o)
    0x040000b0   0x00000001   Data   RW          390    .data               RTX_ARM_L.LIB(hal_arm.o)
    0x040000b1   0x00000003   PAD
    0x040000b4   0x00000008   Data   RW          446    .data               RTX_ARM_L.LIB(rt_system.o)
    0x040000bc   0x00000008   Data   RW          560    .data               RTX_ARM_L.LIB(rt_robin.o)
    0x040000c4   0x00000008   Data   RW          693    .data               RTX_ARM_L.LIB(rt_timer.o)
    0x040000cc   0x00000004   Data   RW          769    .data               mc_5.l(mvars.o)
    0x040000d0   0x00000180   Zero   RW           89    .bss                irq.o
    0x04000250   0x00000010   Zero   RW          108    .bss                dashboard.o
    0x04000260   0x0000046c   Zero   RW          140    .bss                rtx_config.o
    0x040006cc   0x00000004   PAD
    0x040006d0   0x00002968   Zero   RW          141    .bss                rtx_config.o
    0x04003038   0x00000084   Zero   RW          142    .bss                rtx_config.o
    0x040030bc   0x00000050   Zero   RW          143    .bss                rtx_config.o
    0x0400310c   0x00000038   Zero   RW          189    .bss                RTX_ARM_L.LIB(rt_task.o)
    0x04003144   0x00000030   Zero   RW          496    .bss                RTX_ARM_L.LIB(rt_list.o)
    0x04003174   0x00000004   PAD
    0x04003178   0x00000180   Zero   RW          173    STACK               str91x.o


==============================================================================

Image component sizes


      Code (inc. data)   RO Data    RW Data    ZI Data      Debug   Object Name

      2444        322          0        144         16      10413   dashboard.o
       244         28          0         10        384       1453   irq.o
       464         44         64          4          0      10039   lcd.o
       184         38         27          4      11944       3106   rtx_config.o
       444         72          0          0        384        360   str91x.o

    ----------------------------------------------------------------------
      3780        504        128        164      12732      25371   Object Totals
         0          0         32          0          0          0   (incl. Generated)
         0          0          5          2          4          0   (incl. Padding)

    ----------------------------------------------------------------------

      Code (inc. data)   RO Data    RW Data    ZI Data      Debug   Library Member Name

       752         80          0          5          0       4203   hal_arm.o
        80          6          0          0          0        561   rt_event.o
       476         28          0          0         48       4238   rt_list.o
       516         20          0          0          0       2603   rt_mailbox.o
       112          0          0          0          0       1584   rt_membox.o
       408         18          0          0          0       1961   rt_mutex.o
        96         20          0          8          0       1058   rt_robin.o
        56          6          0          0          0        521   rt_semaphore.o
       204         20          4          8          0       1281   rt_system.o
       928        136          0          4         56       6374   rt_task.o
        92         24          0          4          0       1451   rt_time.o
        68         10          0          8          0        687   rt_timer.o
        36         36          0          0          0        180   swi_table.o
         0          0          0          0          0          0   entry.o
         0          0          0          0          0          0   entry10a.o
         0          0          0          0          0          0   entry11a.o
         8          4          0          0          0          0   entry2.o
         4          0          0          0          0          0   entry5.o
         0          0          0          0          0          0   entry7b.o
         0          0          0          0          0          0   entry8b.o
        12          4          0          0          0          0   entry9a.o
        56          0          0          0          0          0   handlers.o
        40          0          0          0          0         72   idiv.o
        32         10          0          0          0         68   init.o
        84          4          0          0          0         68   malloc.o
         0          0          0          4          0          0   mvars.o
        44          0          0          0          0         72   uidiv.o

    ----------------------------------------------------------------------
      4112        426          4         44        108      26982   Library Totals
         8          0          0          3          4          0   (incl. Padding)

    ----------------------------------------------------------------------

      Code (inc. data)   RO Data    RW Data    ZI Data      Debug   Library Name

      3824        404          4         37        104      26702   RTX_ARM_L.LIB
       280         22          0          4          0        280   mc_5.l

    ----------------------------------------------------------------------
      4112        426          4         44        108      26982   Library Totals

    ----------------------------------------------------------------------

==============================================================================


      Code (inc. data)   RO Data    RW Data    ZI Data      Debug   

      7892        930        132        208      12840      50385   Grand Totals
      7892        930        132        208      12840      50385   ELF Image Totals
      7892        930        132        208          0          0   ROM Totals

==============================================================================

    Total RO  Size (Code + RO Data)                 8024 (   7.84kB)
    Total RW  Size (RW Data + ZI Data)             13048 (  12.74kB)
    Total ROM Size (Code + RO Data + RW Data)       8232 (   8.04kB)

==============================================================================

