ARM Linker, 5.03 [Build 76] [MDK-ARM Lite]

==============================================================================

Section Cross References

    lcd.o(.text) refers to uidiv.o(.text) for __aeabi_uidivmod
    lcd.o(.text) refers to lcd.o(.data) for .data
    lcd.o(.text) refers to lcd.o(.constdata) for .constdata
    irq.o(.text) refers to rt_mailbox.o(i.os_mbx_init) for os_mbx_init
    irq.o(.text) refers to rt_mailbox.o(i.os_mbx_send) for os_mbx_send
    irq.o(.text) refers to irq.o(.data) for .data
    irq.o(.text) refers to irq.o(.bss) for .bss
    dashboard.o(.text) refers to uidiv.o(.text) for __aeabi_uidivmod
    dashboard.o(.text) refers to lcd.o(.text) for LCD_putc
    dashboard.o(.text) refers to rt_mailbox.o(i.os_mbx_wait) for os_mbx_wait
    dashboard.o(.text) refers to malloc.o(i.free) for free
    dashboard.o(.text) refers to idiv.o(.text) for __aeabi_idivmod
    dashboard.o(.text) refers to rt_time.o(i.os_itv_set) for os_itv_set
    dashboard.o(.text) refers to rt_time.o(i.os_itv_wait) for os_itv_wait
    dashboard.o(.text) refers to rt_task.o(i.os_tsk_delete) for os_tsk_delete
    dashboard.o(.text) refers to rt_task.o(i.os_tsk_create0) for os_tsk_create0
    dashboard.o(.text) refers to hal_arm.o(.emb_text) for os_sys_init0
    dashboard.o(.text) refers to dashboard.o(.data) for .data
    dashboard.o(.text) refers to irq.o(.bss) for mailbox1
    dashboard.o(.text) refers to irq.o(.data) for AD_in_progress
    dashboard.o(.text) refers to irq.o(.text) for ADC_IRQ_Handler
    rtx_config.o(.text) refers to rtx_config.o(.text) for os_def_interrupt
    rtx_config.o(.text) refers to hal_arm.o(.emb_text) for os_clock_interrupt
    str91x.o(Reset) refers to hal_arm.o(.emb_text) for SWI_Handler
    str91x.o(Reset) refers to str91x.o(STACK) for Stack_Top
    str91x.o(Reset) refers to entry.o(.ARM.Collect$$$$00000000) for __main
    rt_task.o(i.os_block) refers to rt_list.o(i.os_put_dly) for os_put_dly
    rt_task.o(i.os_block) refers to rt_list.o(i.os_get_first) for os_get_first
    rt_task.o(i.os_block) refers to rt_task.o(.data) for .data
    rt_task.o(i.os_block) refers to rt_list.o(.bss) for os_rdy
    rt_task.o(i.os_dispatch) refers to rt_list.o(i.os_put_rdy_first) for os_put_rdy_first
    rt_task.o(i.os_dispatch) refers to rt_list.o(i.os_get_first) for os_get_first
    rt_task.o(i.os_dispatch) refers to rt_list.o(i.os_put_prio) for os_put_prio
    rt_task.o(i.os_dispatch) refers to rt_task.o(.data) for .data
    rt_task.o(i.os_dispatch) refers to rt_list.o(.bss) for os_rdy
    rt_task.o(i.os_init_context) refers to hal_arm.o(i.os_init_stack) for os_init_stack
    rt_task.o(i.os_init_context) refers to rtx_config.o(.bss) for mp_stk
    rt_task.o(i.os_sys_init1) refers to rt_membox.o(i._init_box) for _init_box
    rt_task.o(i.os_sys_init1) refers to rt_task.o(i.os_init_context) for os_init_context
    rt_task.o(i.os_sys_init1) refers to hal_arm.o(.emb_text) for os_set_env
    rt_task.o(i.os_sys_init1) refers to rtx_config.o(.text) for os_tmr_init
    rt_task.o(i.os_sys_init1) refers to rt_robin.o(i.os_init_robin) for os_init_robin
    rt_task.o(i.os_sys_init1) refers to rtx_config.o(.bss) for os_active_TCB
    rt_task.o(i.os_sys_init1) refers to rtx_config.o(.constdata) for os_maxtaskrun
    rt_task.o(i.os_sys_init1) refers to rtx_config.o(.constdata) for mp_tcb_size
    rt_task.o(i.os_sys_init1) refers to rtx_config.o(.bss) for mp_tcb
    rt_task.o(i.os_sys_init1) refers to rtx_config.o(.constdata) for os_stackinfo
    rt_task.o(i.os_sys_init1) refers to rtx_config.o(.constdata) for mp_stk_size
    rt_task.o(i.os_sys_init1) refers to rtx_config.o(.bss) for mp_stk
    rt_task.o(i.os_sys_init1) refers to rtx_config.o(.constdata) for mp_tmr_size
    rt_task.o(i.os_sys_init1) refers to rtx_config.o(.data) for m_tmr
    rt_task.o(i.os_sys_init1) refers to rt_task.o(.bss) for .bss
    rt_task.o(i.os_sys_init1) refers to rt_list.o(.bss) for os_rdy
    rt_task.o(i.os_sys_init1) refers to rt_task.o(.data) for .data
    rt_task.o(i.os_sys_init1) refers to rtx_config.o(.bss) for os_fifo
    rt_task.o(i.os_sys_init1) refers to rtx_config.o(.constdata) for os_fifo_size
    rt_task.o(i.os_sys_init1) refers to rt_task.o(i.os_tsk_create0) for os_tsk_create0
    rt_task.o(i.os_tsk_create0) refers to rt_task.o(i.os_init_context) for os_init_context
    rt_task.o(i.os_tsk_create0) refers to rtx_config.o(.text) for tsk_unlock
    rt_task.o(i.os_tsk_create0) refers to rt_task.o(i.os_dispatch) for os_dispatch
    rt_task.o(i.os_tsk_create0) refers to rtx_config.o(.bss) for mp_tcb
    rt_task.o(i.os_tsk_create0) refers to rtx_config.o(.bss) for os_active_TCB
    rt_task.o(i.os_tsk_create0) refers to rtx_config.o(.constdata) for os_maxtaskrun
    rt_task.o(i.os_tsk_create_ex0) refers to rt_task.o(i.os_tsk_create0) for os_tsk_create0
    rt_task.o(i.os_tsk_delete) refers to hal_arm.o(i.os_stk_check) for os_stk_check
    rt_task.o(i.os_tsk_delete) refers to rt_list.o(i.os_get_first) for os_get_first
    rt_task.o(i.os_tsk_delete) refers to rt_list.o(i.os_rmv_dly) for os_rmv_dly
    rt_task.o(i.os_tsk_delete) refers to rt_list.o(i.os_put_prio) for os_put_prio
    rt_task.o(i.os_tsk_delete) refers to rt_list.o(i.os_rmv_list) for os_rmv_list
    rt_task.o(i.os_tsk_delete) refers to rtx_config.o(.text) for tsk_unlock
    rt_task.o(i.os_tsk_delete) refers to rt_task.o(i.os_dispatch) for os_dispatch
    rt_task.o(i.os_tsk_delete) refers to rtx_config.o(.bss) for os_active_TCB
    rt_task.o(i.os_tsk_delete) refers to rt_task.o(.data) for .data
    rt_task.o(i.os_tsk_delete) refers to rt_list.o(.bss) for os_rdy
    rt_task.o(i.os_tsk_delete) refers to rtx_config.o(.bss) for mp_stk
    rt_task.o(i.os_tsk_delete) refers to rtx_config.o(.bss) for mp_tcb
    rt_task.o(i.os_tsk_delete) refers to rtx_config.o(.constdata) for os_maxtaskrun
    rt_task.o(i.os_tsk_pass) refers to rt_list.o(i.os_get_same_rdy_prio) for os_get_same_rdy_prio
    rt_task.o(i.os_tsk_pass) refers to rt_list.o(i.os_put_prio) for os_put_prio
    rt_task.o(i.os_tsk_pass) refers to rtx_config.o(.text) for tsk_unlock
    rt_task.o(i.os_tsk_pass) refers to rt_task.o(.data) for .data
    rt_task.o(i.os_tsk_pass) refers to rt_list.o(.bss) for os_rdy
    rt_task.o(i.os_tsk_prio) refers to rt_list.o(i.os_put_prio) for os_put_prio
    rt_task.o(i.os_tsk_prio) refers to rtx_config.o(.text) for tsk_unlock
    rt_task.o(i.os_tsk_prio) refers to rt_list.o(i.os_resort_prio) for os_resort_prio
    rt_task.o(i.os_tsk_prio) refers to rt_list.o(i.os_get_first) for os_get_first
    rt_task.o(i.os_tsk_prio) refers to rt_task.o(i.os_dispatch) for os_dispatch
    rt_task.o(i.os_tsk_prio) refers to rt_task.o(.data) for .data
    rt_task.o(i.os_tsk_prio) refers to rtx_config.o(.constdata) for os_maxtaskrun
    rt_task.o(i.os_tsk_prio) refers to rtx_config.o(.bss) for os_active_TCB
    rt_task.o(i.os_tsk_prio) refers to rt_list.o(.bss) for os_rdy
    rt_task.o(i.os_tsk_self) refers to rt_task.o(.data) for .data
    rt_time.o(i.os_dly_wait) refers to rt_task.o(i.os_block) for os_block
    rt_time.o(i.os_dly_wait) refers to rtx_config.o(.text) for tsk_unlock
    rt_time.o(i.os_itv_set) refers to rt_task.o(.data) for os_runtask
    rt_time.o(i.os_itv_set) refers to rt_time.o(.data) for .data
    rt_time.o(i.os_itv_wait) refers to rt_task.o(i.os_block) for os_block
    rt_time.o(i.os_itv_wait) refers to rtx_config.o(.text) for tsk_unlock
    rt_time.o(i.os_itv_wait) refers to rt_task.o(.data) for os_runtask
    rt_time.o(i.os_itv_wait) refers to rt_time.o(.data) for .data
    rt_time.o(i.os_time_get) refers to rt_time.o(.data) for .data
    rt_mailbox.o(i.isr_mbx_receive) refers to rt_list.o(i.os_psq_enq) for os_psq_enq
    rt_mailbox.o(i.isr_mbx_receive) refers to rt_system.o(i.os_psh_req) for os_psh_req
    rt_mailbox.o(i.isr_mbx_send) refers to rt_list.o(i.os_psq_enq) for os_psq_enq
    rt_mailbox.o(i.isr_mbx_send) refers to rt_system.o(i.os_psh_req) for os_psh_req
    rt_mailbox.o(i.os_mbx_init) refers to rtx_config.o(.text) for tsk_unlock
    rt_mailbox.o(i.os_mbx_psh) refers to rt_list.o(i.os_get_first) for os_get_first
    rt_mailbox.o(i.os_mbx_psh) refers to rt_list.o(i.os_rmv_dly) for os_rmv_dly
    rt_mailbox.o(i.os_mbx_psh) refers to rt_list.o(i.os_put_prio) for os_put_prio
    rt_mailbox.o(i.os_mbx_psh) refers to rtx_config.o(.text) for os_error
    rt_mailbox.o(i.os_mbx_psh) refers to rt_list.o(.bss) for os_rdy
    rt_mailbox.o(i.os_mbx_send) refers to rt_list.o(i.os_put_prio) for os_put_prio
    rt_mailbox.o(i.os_mbx_send) refers to rt_list.o(i.os_get_first) for os_get_first
    rt_mailbox.o(i.os_mbx_send) refers to rt_list.o(i.os_rmv_dly) for os_rmv_dly
    rt_mailbox.o(i.os_mbx_send) refers to rt_task.o(i.os_dispatch) for os_dispatch
    rt_mailbox.o(i.os_mbx_send) refers to rt_task.o(i.os_block) for os_block
    rt_mailbox.o(i.os_mbx_send) refers to rtx_config.o(.text) for tsk_unlock
    rt_mailbox.o(i.os_mbx_send) refers to rt_task.o(.data) for os_runtask
    rt_mailbox.o(i.os_mbx_wait) refers to rt_list.o(i.os_get_first) for os_get_first
    rt_mailbox.o(i.os_mbx_wait) refers to rt_list.o(i.os_rmv_dly) for os_rmv_dly
    rt_mailbox.o(i.os_mbx_wait) refers to rt_task.o(i.os_dispatch) for os_dispatch
    rt_mailbox.o(i.os_mbx_wait) refers to rtx_config.o(.text) for tsk_unlock
    rt_mailbox.o(i.os_mbx_wait) refers to rt_list.o(i.os_put_prio) for os_put_prio
    rt_mailbox.o(i.os_mbx_wait) refers to rt_task.o(i.os_block) for os_block
    rt_mailbox.o(i.os_mbx_wait) refers to rt_task.o(.data) for os_runtask
    hal_arm.o(.emb_text) refers to hal_arm.o(.data) for sys_stktop
    hal_arm.o(.emb_text) refers to rt_task.o(i.os_sys_init1) for os_sys_init1
    hal_arm.o(.emb_text) refers to hal_arm.o(.data) for sys_mode
    hal_arm.o(.emb_text) refers to rtx_config.o(.text) for os_irq_ack_lock
    hal_arm.o(.emb_text) refers to rt_system.o(.data) for os_psh
    hal_arm.o(.emb_text) refers to rt_system.o(i.os_sys_manager) for os_sys_manager
    hal_arm.o(.emb_text) refers to SWI_Table.o(SWI_TABLE) for SWI_Table
    hal_arm.o(i.__SWI_0) refers to hal_arm.o(i.os_stk_check) for os_stk_check
    hal_arm.o(i.__SWI_0) refers to rtx_config.o(.text) for tsk_unlock
    hal_arm.o(i.__SWI_0) refers to hal_arm.o(.emb_text) for os_switch_tasks_ret
    hal_arm.o(i.__SWI_0) refers to rt_task.o(.data) for os_runtask
    hal_arm.o(i.os_init_stack) refers to rtx_config.o(.constdata) for os_stackinfo
    hal_arm.o(i.os_init_stack) refers to hal_arm.o(.data) for .data
    hal_arm.o(i.os_stk_check) refers to rtx_config.o(.text) for os_error
    hal_arm.o(i.os_stk_check) refers to rt_task.o(.data) for os_runtask
    rt_system.o(i.os_psh_req) refers to rtx_config.o(.text) for os_tmr_inspect_ovf
    rt_system.o(i.os_psh_req) refers to rt_system.o(.data) for .data
    rt_system.o(i.os_resume) refers to rt_list.o(i.os_put_rdy_first) for os_put_rdy_first
    rt_system.o(i.os_resume) refers to rt_list.o(i.os_dec_dly) for os_dec_dly
    rt_system.o(i.os_resume) refers to rt_timer.o(i.os_tmr_tick) for os_tmr_tick
    rt_system.o(i.os_resume) refers to rt_task.o(i.os_dispatch) for os_dispatch
    rt_system.o(i.os_resume) refers to rtx_config.o(.text) for tsk_unlock
    rt_system.o(i.os_resume) refers to rt_task.o(.data) for os_runtask
    rt_system.o(i.os_resume) refers to rt_robin.o(.data) for os_robin
    rt_system.o(i.os_resume) refers to rt_list.o(.bss) for os_dly
    rt_system.o(i.os_resume) refers to rt_time.o(.data) for os_time
    rt_system.o(i.os_resume) refers to rt_timer.o(.data) for os_tmr
    rt_system.o(i.os_suspend) refers to rt_list.o(.bss) for os_dly
    rt_system.o(i.os_suspend) refers to rt_timer.o(.data) for os_tmr
    rt_system.o(i.os_sys_manager) refers to rt_list.o(i.os_put_rdy_first) for os_put_rdy_first
    rt_system.o(i.os_sys_manager) refers to rtx_config.o(.text) for os_tmr_inspect_cnt
    rt_system.o(i.os_sys_manager) refers to rt_robin.o(i.os_chk_robin) for os_chk_robin
    rt_system.o(i.os_sys_manager) refers to rt_list.o(i.os_dec_dly) for os_dec_dly
    rt_system.o(i.os_sys_manager) refers to rt_semaphore.o(i.os_sem_psh) for os_sem_psh
    rt_system.o(i.os_sys_manager) refers to hal_arm.o(.emb_text) for _dec_qc
    rt_system.o(i.os_sys_manager) refers to rt_event.o(i.os_evt_psh) for os_evt_psh
    rt_system.o(i.os_sys_manager) refers to rt_mailbox.o(i.os_mbx_psh) for os_mbx_psh
    rt_system.o(i.os_sys_manager) refers to rt_timer.o(i.os_tmr_tick) for os_tmr_tick
    rt_system.o(i.os_sys_manager) refers to hal_arm.o(i.os_stk_check) for os_stk_check
    rt_system.o(i.os_sys_manager) refers to rt_list.o(i.os_get_first) for os_get_first
    rt_system.o(i.os_sys_manager) refers to rt_task.o(.data) for os_runtask
    rt_system.o(i.os_sys_manager) refers to rt_system.o(.data) for .data
    rt_system.o(i.os_sys_manager) refers to rt_time.o(.data) for os_time
    rt_system.o(i.os_sys_manager) refers to rtx_config.o(.bss) for os_fifo
    rt_system.o(i.os_sys_manager) refers to rt_list.o(.bss) for os_rdy
    rt_list.o(i.os_dec_dly) refers to rt_list.o(i.os_put_prio) for os_put_prio
    rt_list.o(i.os_dec_dly) refers to rt_list.o(.bss) for .bss
    rt_list.o(i.os_dec_dly) refers to rt_time.o(.data) for os_time
    rt_list.o(i.os_get_same_rdy_prio) refers to rt_list.o(.bss) for .bss
    rt_list.o(i.os_get_same_rdy_prio) refers to rt_task.o(.data) for os_runtask
    rt_list.o(i.os_psq_enq) refers to hal_arm.o(.emb_text) for _inc_qi
    rt_list.o(i.os_psq_enq) refers to rtx_config.o(.text) for os_error
    rt_list.o(i.os_psq_enq) refers to rtx_config.o(.bss) for os_fifo
    rt_list.o(i.os_put_dly) refers to rt_list.o(.bss) for .bss
    rt_list.o(i.os_put_rdy_first) refers to rt_list.o(.bss) for .bss
    rt_list.o(i.os_resort_prio) refers to rt_list.o(i.os_rmv_list) for os_rmv_list
    rt_list.o(i.os_resort_prio) refers to rt_list.o(i.os_put_prio) for os_put_prio
    rt_list.o(i.os_resort_prio) refers to rt_list.o(.bss) for .bss
    rt_list.o(i.os_rmv_list) refers to rt_list.o(.bss) for .bss
    rt_robin.o(i.os_chk_robin) refers to rt_list.o(i.os_get_first) for os_get_first
    rt_robin.o(i.os_chk_robin) refers to rt_list.o(i.os_put_prio) for os_put_prio
    rt_robin.o(i.os_chk_robin) refers to rt_robin.o(.data) for .data
    rt_robin.o(i.os_chk_robin) refers to rt_list.o(.bss) for os_rdy
    rt_robin.o(i.os_chk_robin) refers to rt_time.o(.data) for os_time
    rt_robin.o(i.os_init_robin) refers to rt_robin.o(.data) for .data
    rt_robin.o(i.os_init_robin) refers to rtx_config.o(.constdata) for os_rrobin
    SWI_Table.o(SWI_TABLE) refers to hal_arm.o(i.__SWI_0) for __SWI_0
    SWI_Table.o(SWI_TABLE) refers to rt_membox.o(i.__SWI_1) for __SWI_1
    SWI_Table.o(SWI_TABLE) refers to rt_membox.o(i.__SWI_2) for __SWI_2
    SWI_Table.o(SWI_TABLE) refers to hal_arm.o(i.__SWI_3) for __SWI_3
    SWI_Table.o(SWI_TABLE) refers to hal_arm.o(i.__SWI_4) for __SWI_4
    SWI_Table.o(SWI_TABLE) refers to rtx_config.o(.text) for __SWI_5
    SWI_Table.o(SWI_TABLE) refers to hal_arm.o(i.__SWI_6) for __SWI_6
    SWI_Table.o(SWI_TABLE) refers to hal_arm.o(i.__SWI_7) for __SWI_7
    rt_event.o(i.isr_evt_set) refers to rt_list.o(i.os_psq_enq) for os_psq_enq
    rt_event.o(i.isr_evt_set) refers to rt_system.o(i.os_psh_req) for os_psh_req
    rt_event.o(i.isr_evt_set) refers to rtx_config.o(.bss) for os_active_TCB
    rt_event.o(i.os_evt_clr) refers to rtx_config.o(.text) for tsk_unlock
    rt_event.o(i.os_evt_clr) refers to rtx_config.o(.bss) for os_active_TCB
    rt_event.o(i.os_evt_get) refers to rt_task.o(.data) for os_runtask
    rt_event.o(i.os_evt_psh) refers to rt_list.o(i.os_rmv_dly) for os_rmv_dly
    rt_event.o(i.os_evt_psh) refers to rt_list.o(i.os_put_prio) for os_put_prio
    rt_event.o(i.os_evt_psh) refers to rt_list.o(.bss) for os_rdy
    rt_event.o(i.os_evt_set) refers to rt_list.o(i.os_rmv_dly) for os_rmv_dly
    rt_event.o(i.os_evt_set) refers to rt_task.o(i.os_dispatch) for os_dispatch
    rt_event.o(i.os_evt_set) refers to rtx_config.o(.text) for tsk_unlock
    rt_event.o(i.os_evt_set) refers to rtx_config.o(.bss) for os_active_TCB
    rt_event.o(i.os_evt_wait) refers to rt_task.o(i.os_block) for os_block
    rt_event.o(i.os_evt_wait) refers to rtx_config.o(.text) for tsk_unlock
    rt_event.o(i.os_evt_wait) refers to rt_task.o(.data) for os_runtask
    rt_semaphore.o(i.isr_sem_send) refers to rt_list.o(i.os_psq_enq) for os_psq_enq
    rt_semaphore.o(i.isr_sem_send) refers to rt_system.o(i.os_psh_req) for os_psh_req
    rt_semaphore.o(i.os_sem_init) refers to rtx_config.o(.text) for tsk_unlock
    rt_semaphore.o(i.os_sem_psh) refers to rt_list.o(i.os_get_first) for os_get_first
    rt_semaphore.o(i.os_sem_psh) refers to rt_list.o(i.os_rmv_dly) for os_rmv_dly
    rt_semaphore.o(i.os_sem_psh) refers to rt_list.o(i.os_put_prio) for os_put_prio
    rt_semaphore.o(i.os_sem_psh) refers to rt_list.o(.bss) for os_rdy
    rt_semaphore.o(i.os_sem_send) refers to rt_list.o(i.os_get_first) for os_get_first
    rt_semaphore.o(i.os_sem_send) refers to rt_list.o(i.os_rmv_dly) for os_rmv_dly
    rt_semaphore.o(i.os_sem_send) refers to rt_task.o(i.os_dispatch) for os_dispatch
    rt_semaphore.o(i.os_sem_send) refers to rtx_config.o(.text) for tsk_unlock
    rt_semaphore.o(i.os_sem_wait) refers to rtx_config.o(.text) for tsk_unlock
    rt_semaphore.o(i.os_sem_wait) refers to rt_list.o(i.os_put_prio) for os_put_prio
    rt_semaphore.o(i.os_sem_wait) refers to rt_task.o(i.os_block) for os_block
    rt_semaphore.o(i.os_sem_wait) refers to rt_task.o(.data) for os_runtask
    rt_timer.o(i.os_tmr_create) refers to rtx_config.o(.text) for tsk_unlock
    rt_timer.o(i.os_tmr_create) refers to rtx_config.o(.data) for m_tmr
    rt_timer.o(i.os_tmr_create) refers to rt_timer.o(.data) for .data
    rt_timer.o(i.os_tmr_kill) refers to rtx_config.o(.text) for tsk_unlock
    rt_timer.o(i.os_tmr_kill) refers to rt_timer.o(.data) for .data
    rt_timer.o(i.os_tmr_kill) refers to rtx_config.o(.data) for m_tmr
    rt_timer.o(i.os_tmr_tick) refers to rtx_config.o(.text) for os_tmr_call
    rt_timer.o(i.os_tmr_tick) refers to rt_timer.o(.data) for .data
    rt_timer.o(i.os_tmr_tick) refers to rtx_config.o(.data) for m_tmr
    entry.o(.ARM.Collect$$$$00000000) refers (Special) to entry10a.o(.ARM.Collect$$$$0000000D) for __rt_final_cpp
    entry.o(.ARM.Collect$$$$00000000) refers (Special) to entry11a.o(.ARM.Collect$$$$0000000F) for __rt_final_exit
    entry.o(.ARM.Collect$$$$00000000) refers (Special) to entry7b.o(.ARM.Collect$$$$00000008) for _main_clock
    entry.o(.ARM.Collect$$$$00000000) refers (Special) to entry8b.o(.ARM.Collect$$$$0000000A) for _main_cpp_init
    entry.o(.ARM.Collect$$$$00000000) refers (Special) to entry9a.o(.ARM.Collect$$$$0000000B) for _main_init
    entry.o(.ARM.Collect$$$$00000000) refers (Special) to entry5.o(.ARM.Collect$$$$00000004) for _main_scatterload
    entry.o(.ARM.Collect$$$$00000000) refers (Special) to entry2.o(.ARM.Collect$$$$00000001) for _main_stk
    idiv.o(.text) refers to uidiv.o(.text) for __aeabi_uidivmod
    malloc.o(i.free) refers to mvars.o(.data) for __microlib_freelist
    malloc.o(i.malloc) refers to mvars.o(.data) for __microlib_freelist_initialised
    malloc.o(i.malloc) refers to mvars.o(.data) for __microlib_freelist
    malloc.o(i.malloc) refers to str91x.o(HEAP) for __heap_base
    mallocr.o(i.__free$realloc) refers to mvars.o(.data) for __microlib_freelist
    mallocr.o(i.__malloc$realloc) refers to mallocr.o(i.internal_alloc) for internal_alloc
    mallocr.o(i.__malloc$realloc) refers to mvars.o(.data) for __microlib_freelist_initialised
    mallocr.o(i.__malloc$realloc) refers to str91x.o(HEAP) for __heap_base
    mallocr.o(i.__malloc$realloc) refers to mvars.o(.data) for __microlib_freelist
    mallocr.o(i.internal_alloc) refers to memcpya.o(.text) for __aeabi_memcpy
    mallocr.o(i.internal_alloc) refers to mvars.o(.data) for __microlib_freelist
    mallocr.o(i.realloc) refers to mallocr.o(i.__free$realloc) for __free$realloc
    mallocr.o(i.realloc) refers to mallocr.o(i.internal_alloc) for internal_alloc
    mallocr.o(i.realloc) refers to mallocr.o(i.__malloc$realloc) for __malloc$realloc
    mallocr.o(i.realloc) refers to mvars.o(.data) for __microlib_freelist
    malloca.o(i.__aligned_malloc) refers to mvars.o(.data) for __microlib_freelist
    malloca.o(i.__aligned_malloc) refers to mvars.o(.data) for __microlib_freelist_initialised
    malloca.o(i.__aligned_malloc) refers to str91x.o(HEAP) for __heap_base
    malloca.o(i.__free$memalign) refers to mvars.o(.data) for __microlib_freelist
    malloca.o(i.__malloc$memalign) refers to malloca.o(i.__aligned_malloc) for __aligned_malloc
    mallocra.o(i.__aligned_malloc$realloc) refers to mallocra.o(i.internal_alloc) for internal_alloc
    mallocra.o(i.__aligned_malloc$realloc) refers to str91x.o(HEAP) for __heap_base
    mallocra.o(i.__aligned_malloc$realloc) refers to mvars.o(.data) for __microlib_freelist
    mallocra.o(i.__aligned_malloc$realloc) refers to mvars.o(.data) for __microlib_freelist_initialised
    mallocra.o(i.__free$realloc$memalign) refers to mvars.o(.data) for __microlib_freelist
    mallocra.o(i.__malloc$realloc$memalign) refers to mallocra.o(i.__aligned_malloc$realloc) for __aligned_malloc$realloc
    mallocra.o(i.__realloc$memalign) refers to mallocra.o(i.__free$realloc$memalign) for __free$realloc$memalign
    mallocra.o(i.__realloc$memalign) refers to mallocra.o(i.internal_alloc) for internal_alloc
    mallocra.o(i.__realloc$memalign) refers to mallocra.o(i.__malloc$realloc$memalign) for __malloc$realloc$memalign
    mallocra.o(i.__realloc$memalign) refers to mvars.o(.data) for __microlib_freelist
    mallocra.o(i.internal_alloc) refers to memcpya.o(.text) for __aeabi_memcpy
    mallocra.o(i.internal_alloc) refers to mvars.o(.data) for __microlib_freelist
    entry2.o(.ARM.Collect$$$$00000001) refers to entry2.o(.ARM.Collect$$$$00002712) for __lit__00000000
    entry2.o(.ARM.Collect$$$$00002712) refers to str91x.o(STACK) for __initial_sp
    entry5.o(.ARM.Collect$$$$00000004) refers to init.o(.text) for __scatterload
    entry9a.o(.ARM.Collect$$$$0000000B) refers to dashboard.o(.text) for main
    entry9b.o(.ARM.Collect$$$$0000000C) refers to dashboard.o(.text) for main
    init.o(.text) refers to entry5.o(.ARM.Collect$$$$00000004) for __main_after_scatterload


==============================================================================

Removing Unused input sections from the image.

    Removing dashboard.o(.data), (1 bytes).
    Removing str91x.o(HEAP), (0 bytes).
    Removing rt_task.o(i.os_tsk_create_ex0), (12 bytes).
    Removing rt_task.o(i.os_tsk_pass), (52 bytes).
    Removing rt_task.o(i.os_tsk_prio), (144 bytes).
    Removing rt_task.o(i.os_tsk_self), (16 bytes).
    Removing rt_time.o(i.os_dly_wait), (24 bytes).
    Removing rt_time.o(i.os_time_get), (12 bytes).
    Removing rt_mailbox.o(i.isr_mbx_receive), (76 bytes).
    Removing rt_mailbox.o(i.isr_mbx_send), (16 bytes).
    Removing rt_mailbox.o(i.os_mbx_check), (8 bytes).
    Removing rt_system.o(.emb_text), (0 bytes).
    Removing rt_system.o(i.os_psh_req), (52 bytes).
    Removing rt_system.o(i.os_resume), (168 bytes).
    Removing rt_system.o(i.os_suspend), (52 bytes).
    Removing rt_list.o(i.os_get_same_rdy_prio), (36 bytes).
    Removing rt_list.o(i.os_psq_enq), (52 bytes).
    Removing rt_list.o(i.os_resort_prio), (52 bytes).
    Removing rt_membox.o(i._calloc_box), (32 bytes).
    Removing rt_event.o(i.isr_evt_set), (40 bytes).
    Removing rt_event.o(i.os_evt_clr), (40 bytes).
    Removing rt_event.o(i.os_evt_get), (12 bytes).
    Removing rt_event.o(i.os_evt_set), (100 bytes).
    Removing rt_event.o(i.os_evt_wait), (96 bytes).
    Removing rt_semaphore.o(i.isr_sem_send), (18 bytes).
    Removing rt_semaphore.o(i.os_sem_init), (28 bytes).
    Removing rt_semaphore.o(i.os_sem_send), (58 bytes).
    Removing rt_semaphore.o(i.os_sem_wait), (96 bytes).
    Removing rt_timer.o(i.os_tmr_create), (92 bytes).
    Removing rt_timer.o(i.os_tmr_kill), (72 bytes).

30 unused section(s) (total 1457 bytes) removed from the image.

==============================================================================

Image Symbol Table

    Local Symbols

    Symbol Name                              Value     Ov Type        Size  Object(Section)

    Reset                                    0x00000000   Section      444  str91x.o(Reset)
    ../clib/microlib/division.c              0x00000000   Number         0  uidiv.o ABSOLUTE
    ../clib/microlib/division.c              0x00000000   Number         0  idiv.o ABSOLUTE
    ../clib/microlib/init/entry.s            0x00000000   Number         0  entry2.o ABSOLUTE
    ../clib/microlib/init/entry.s            0x00000000   Number         0  entry9b.o ABSOLUTE
    ../clib/microlib/init/entry.s            0x00000000   Number         0  entry10a.o ABSOLUTE
    ../clib/microlib/init/entry.s            0x00000000   Number         0  entry10b.o ABSOLUTE
    ../clib/microlib/init/entry.s            0x00000000   Number         0  entry11a.o ABSOLUTE
    ../clib/microlib/init/entry.s            0x00000000   Number         0  entry5.o ABSOLUTE
    ../clib/microlib/init/entry.s            0x00000000   Number         0  entry11b.o ABSOLUTE
    ../clib/microlib/init/entry.s            0x00000000   Number         0  entry.o ABSOLUTE
    ../clib/microlib/init/entry.s            0x00000000   Number         0  entry9a.o ABSOLUTE
    ../clib/microlib/init/entry.s            0x00000000   Number         0  entry8b.o ABSOLUTE
    ../clib/microlib/init/entry.s            0x00000000   Number         0  entry8a.o ABSOLUTE
    ../clib/microlib/init/entry.s            0x00000000   Number         0  entry7a.o ABSOLUTE
    ../clib/microlib/init/entry.s            0x00000000   Number         0  entry7b.o ABSOLUTE
    ../clib/microlib/malloc/malloc.c         0x00000000   Number         0  mallocr.o ABSOLUTE
    ../clib/microlib/malloc/malloc.c         0x00000000   Number         0  malloc.o ABSOLUTE
    ../clib/microlib/malloc/malloc.c         0x00000000   Number         0  malloca.o ABSOLUTE
    ../clib/microlib/malloc/malloc.c         0x00000000   Number         0  mallocra.o ABSOLUTE
    ../clib/microlib/malloc/mvars.c          0x00000000   Number         0  mvars.o ABSOLUTE
    ../clib/microlib/string/memcpy.c         0x00000000   Number         0  memcpya.o ABSOLUTE
    ../clib/microlib/string/memcpy.c         0x00000000   Number         0  memcpyb.o ABSOLUTE
    Dashboard.c                              0x00000000   Number         0  dashboard.o ABSOLUTE
    IRQ.c                                    0x00000000   Number         0  irq.o ABSOLUTE
    LCD.c                                    0x00000000   Number         0  lcd.o ABSOLUTE
    RTX_Config.c                             0x00000000   Number         0  rtx_config.o ABSOLUTE
    SRC\ARM\HAL_ARM.c                        0x00000000   Number         0  hal_arm.o ABSOLUTE
    SRC\ARM\SWI_Table.s                      0x00000000   Number         0  SWI_Table.o ABSOLUTE
    SRC\ARM\rt_Event.c                       0x00000000   Number         0  rt_event.o ABSOLUTE
    SRC\ARM\rt_List.c                        0x00000000   Number         0  rt_list.o ABSOLUTE
    SRC\ARM\rt_Mailbox.c                     0x00000000   Number         0  rt_mailbox.o ABSOLUTE
    SRC\ARM\rt_MemBox.c                      0x00000000   Number         0  rt_membox.o ABSOLUTE
    SRC\ARM\rt_Robin.c                       0x00000000   Number         0  rt_robin.o ABSOLUTE
    SRC\ARM\rt_Semaphore.c                   0x00000000   Number         0  rt_semaphore.o ABSOLUTE
    SRC\ARM\rt_System.c                      0x00000000   Number         0  rt_system.o ABSOLUTE
    SRC\ARM\rt_Task.c                        0x00000000   Number         0  rt_task.o ABSOLUTE
    SRC\ARM\rt_Time.c                        0x00000000   Number         0  rt_time.o ABSOLUTE
    SRC\ARM\rt_Timer.c                       0x00000000   Number         0  rt_timer.o ABSOLUTE
    SRC\\ARM\\HAL_ARM.c                      0x00000000   Number         0  hal_arm.o ABSOLUTE
    SRC\\ARM\\rt_System.c                    0x00000000   Number         0  rt_system.o ABSOLUTE
    STR91x.s                                 0x00000000   Number         0  str91x.o ABSOLUTE
    dc.s                                     0x00000000   Number         0  dc.o ABSOLUTE
    handlers.s                               0x00000000   Number         0  handlers.o ABSOLUTE
    init.s                                   0x00000000   Number         0  init.o ABSOLUTE
    UndefHandler                             0x00000040   ARM Code       4  str91x.o(Reset)
    PAbtHandler                              0x00000044   ARM Code       4  str91x.o(Reset)
    DAbtHandler                              0x00000048   ARM Code       4  str91x.o(Reset)
    IRQHandler                               0x0000004c   ARM Code       4  str91x.o(Reset)
    FIQHandler                               0x00000050   ARM Code       4  str91x.o(Reset)
    .ARM.Collect$$$$00000000                 0x000001bc   Section        0  entry.o(.ARM.Collect$$$$00000000)
    .ARM.Collect$$$$00000001                 0x000001bc   Section        4  entry2.o(.ARM.Collect$$$$00000001)
    .ARM.Collect$$$$00000004                 0x000001c0   Section        4  entry5.o(.ARM.Collect$$$$00000004)
    .ARM.Collect$$$$00000008                 0x000001c4   Section        0  entry7b.o(.ARM.Collect$$$$00000008)
    .ARM.Collect$$$$0000000A                 0x000001c4   Section        0  entry8b.o(.ARM.Collect$$$$0000000A)
    .ARM.Collect$$$$0000000B                 0x000001c4   Section       12  entry9a.o(.ARM.Collect$$$$0000000B)
    .ARM.Collect$$$$0000000D                 0x000001d0   Section        0  entry10a.o(.ARM.Collect$$$$0000000D)
    .ARM.Collect$$$$0000000F                 0x000001d0   Section        0  entry11a.o(.ARM.Collect$$$$0000000F)
    .ARM.Collect$$$$00002712                 0x000001d0   Section        4  entry2.o(.ARM.Collect$$$$00002712)
    __lit__00000000                          0x000001d0   Data           4  entry2.o(.ARM.Collect$$$$00002712)
    .emb_text                                0x000001d4   Section      516  hal_arm.o(.emb_text)
    Switch_task                              0x00000350   ARM Code       0  hal_arm.o(.emb_text)
    .text                                    0x000003d8   Section        0  lcd.o(.text)
    lcd_write                                0x000003d9   Thumb Code    38  lcd.o(.text)
    lcd_wait_busy                            0x000003ff   Thumb Code    44  lcd.o(.text)
    lcd_wr_cmd                               0x00000551   Thumb Code    22  lcd.o(.text)
    lcd_wr_data                              0x00000567   Thumb Code    22  lcd.o(.text)
    .text                                    0x000005a8   Section        0  irq.o(.text)
    .text                                    0x00000650   Section        0  dashboard.o(.text)
    .text                                    0x0000095c   Section        0  rtx_config.o(.text)
    .text                                    0x000009f8   Section        0  rtx_config.o(.text)
    os_def_interrupt                         0x000009f8   ARM Code      28  rtx_config.o(.text)
    .text                                    0x00000a14   Section        0  uidiv.o(.text)
    .text                                    0x00000a40   Section        0  idiv.o(.text)
    .text                                    0x00000a68   Section       32  init.o(.text)
    SWI_TABLE                                0x00000a88   Section       36  SWI_Table.o(SWI_TABLE)
    i.__SWI_0                                0x00000aac   Section        0  hal_arm.o(i.__SWI_0)
    i.__SWI_1                                0x00000ae0   Section        0  rt_membox.o(i.__SWI_1)
    i.__SWI_2                                0x00000aee   Section        0  rt_membox.o(i.__SWI_2)
    i.__SWI_3                                0x00000b06   Section        0  hal_arm.o(i.__SWI_3)
    i.__SWI_4                                0x00000b0e   Section        0  hal_arm.o(i.__SWI_4)
    i.__SWI_6                                0x00000b16   Section        0  hal_arm.o(i.__SWI_6)
    i.__SWI_7                                0x00000b18   Section        0  hal_arm.o(i.__SWI_7)
    i.__scatterload_copy                     0x00000b1c   Section       28  handlers.o(i.__scatterload_copy)
    i.__scatterload_null                     0x00000b38   Section        4  handlers.o(i.__scatterload_null)
    i.__scatterload_zeroinit                 0x00000b3c   Section       24  handlers.o(i.__scatterload_zeroinit)
    i._init_box                              0x00000b54   Section        0  rt_membox.o(i._init_box)
    i.free                                   0x00000ba0   Section        0  malloc.o(i.free)
    i.os_block                               0x00000bf4   Section        0  rt_task.o(i.os_block)
    i.os_chk_robin                           0x00000c3c   Section        0  rt_robin.o(i.os_chk_robin)
    i.os_dec_dly                             0x00000c84   Section        0  rt_list.o(i.os_dec_dly)
    i.os_dispatch                            0x00000d00   Section        0  rt_task.o(i.os_dispatch)
    i.os_evt_psh                             0x00000d44   Section        0  rt_event.o(i.os_evt_psh)
    i.os_get_first                           0x00000d94   Section        0  rt_list.o(i.os_get_first)
    i.os_init_context                        0x00000dc0   Section        0  rt_task.o(i.os_init_context)
    os_init_context                          0x00000dc1   Thumb Code    70  rt_task.o(i.os_init_context)
    i.os_init_robin                          0x00000e0c   Section        0  rt_robin.o(i.os_init_robin)
    i.os_init_stack                          0x00000e24   Section        0  hal_arm.o(i.os_init_stack)
    i.os_itv_set                             0x00000e98   Section        0  rt_time.o(i.os_itv_set)
    i.os_itv_wait                            0x00000eb0   Section        0  rt_time.o(i.os_itv_wait)
    i.os_mbx_init                            0x00000ee8   Section        0  rt_mailbox.o(i.os_mbx_init)
    i.os_mbx_psh                             0x00000f18   Section        0  rt_mailbox.o(i.os_mbx_psh)
    i.os_mbx_send                            0x00000fa0   Section        0  rt_mailbox.o(i.os_mbx_send)
    i.os_mbx_wait                            0x00001044   Section        0  rt_mailbox.o(i.os_mbx_wait)
    i.os_put_dly                             0x000010e4   Section        0  rt_list.o(i.os_put_dly)
    i.os_put_prio                            0x00001134   Section        0  rt_list.o(i.os_put_prio)
    i.os_put_rdy_first                       0x00001174   Section        0  rt_list.o(i.os_put_rdy_first)
    i.os_rmv_dly                             0x00001188   Section        0  rt_list.o(i.os_rmv_dly)
    i.os_rmv_list                            0x000011b4   Section        0  rt_list.o(i.os_rmv_list)
    i.os_sem_psh                             0x000011e8   Section        0  rt_semaphore.o(i.os_sem_psh)
    i.os_stk_check                           0x00001220   Section        0  hal_arm.o(i.os_stk_check)
    i.os_sys_init1                           0x00001250   Section        0  rt_task.o(i.os_sys_init1)
    i.os_sys_manager                         0x00001338   Section        0  rt_system.o(i.os_sys_manager)
    i.os_tmr_tick                            0x00001408   Section        0  rt_timer.o(i.os_tmr_tick)
    i.os_tsk_create0                         0x0000144c   Section        0  rt_task.o(i.os_tsk_create0)
    i.os_tsk_delete                          0x000014dc   Section        0  rt_task.o(i.os_tsk_delete)
    .constdata                               0x0000162c   Section       64  lcd.o(.constdata)
    UserFont                                 0x0000162c   Data          64  lcd.o(.constdata)
    .constdata                               0x0000166c   Section        2  rtx_config.o(.constdata)
    .constdata                               0x00001670   Section        4  rtx_config.o(.constdata)
    .constdata                               0x00001674   Section        4  rtx_config.o(.constdata)
    .constdata                               0x00001678   Section        8  rtx_config.o(.constdata)
    __tagsym$$used                           0x00001678   Number         0  rtx_config.o(.constdata)
    __tagsym$$used                           0x0000167c   Number         0  rtx_config.o(.constdata)
    .constdata                               0x00001680   Section        2  rtx_config.o(.constdata)
    .constdata                               0x00001684   Section        4  rtx_config.o(.constdata)
    .constdata                               0x00001688   Section        1  rtx_config.o(.constdata)
    .constdata                               0x0000168a   Section        2  rtx_config.o(.constdata)
    .constdata                               0x0000168c   Section        4  rt_system.o(.constdata)
    __tagsym$$used                           0x0000168c   Number         0  rt_system.o(.constdata)
    .data                                    0x04000000   Section        4  lcd.o(.data)
    lcd_ptr                                  0x04000000   Data           4  lcd.o(.data)
    .data                                    0x04000004   Section        6  irq.o(.data)
    .data                                    0x0400000c   Section       32  dashboard.o(.data)
    .data                                    0x0400002c   Section        4  rtx_config.o(.data)
    .data                                    0x04000030   Section        4  rt_task.o(.data)
    .data                                    0x04000034   Section        4  rt_time.o(.data)
    .data                                    0x04000038   Section        4  hal_arm.o(.data)
    .data                                    0x0400003c   Section        1  hal_arm.o(.data)
    .data                                    0x04000040   Section        8  rt_system.o(.data)
    .data                                    0x04000048   Section        8  rt_robin.o(.data)
    .data                                    0x04000050   Section        8  rt_timer.o(.data)
    .data                                    0x04000058   Section        4  mvars.o(.data)
    .bss                                     0x0400005c   Section      192  irq.o(.bss)
    .bss                                     0x0400011c   Section     1132  rtx_config.o(.bss)
    .bss                                     0x04000588   Section    10600  rtx_config.o(.bss)
    .bss                                     0x04002ef0   Section      132  rtx_config.o(.bss)
    .bss                                     0x04002f74   Section       80  rtx_config.o(.bss)
    .bss                                     0x04002fc4   Section       56  rt_task.o(.bss)
    .bss                                     0x04002ffc   Section       48  rt_list.o(.bss)
    STACK                                    0x04003030   Section      384  str91x.o(STACK)
    Stack_Top                                0x040031b0   Data           0  str91x.o(STACK)

    Global Symbols

    Symbol Name                              Value     Ov Type        Size  Object(Section)

    BuildAttributes$$THM_ISAv2$ARM_ISAv5$E$P$S$PE$A:L22$X:L11$S22$IEEE1$IW$USESV6$~STKCKD$USESV7$~SHL$OSPACE$EBA8$MICROLIB$REQ8$PRES8$EABIv2 0x00000000   Number         0  anon$$obj.o ABSOLUTE
    __ARM_use_no_argv                        0x00000000   Number         0  dashboard.o ABSOLUTE
    __cpp_initialize__aeabi_                  - Undefined Weak Reference
    __cxa_finalize                            - Undefined Weak Reference
    __decompress                              - Undefined Weak Reference
    _clock_init                               - Undefined Weak Reference
    _microlib_exit                            - Undefined Weak Reference
    os_tmr_reload                             - Undefined Weak Reference
    rt_init                                   - Undefined Weak Reference
    rt_notify                                 - Undefined Weak Reference
    rt_post_taskswitch                        - Undefined Weak Reference
    Reset_Handler                            0x00000054   ARM Code       0  str91x.o(Reset)
    __main                                   0x000001bc   ARM Code       0  entry.o(.ARM.Collect$$$$00000000)
    _main_stk                                0x000001bc   ARM Code       0  entry2.o(.ARM.Collect$$$$00000001)
    _main_scatterload                        0x000001c0   ARM Code       0  entry5.o(.ARM.Collect$$$$00000004)
    __main_after_scatterload                 0x000001c4   ARM Code       0  entry5.o(.ARM.Collect$$$$00000004)
    _main_clock                              0x000001c4   ARM Code       0  entry7b.o(.ARM.Collect$$$$00000008)
    _main_cpp_init                           0x000001c4   ARM Code       0  entry8b.o(.ARM.Collect$$$$0000000A)
    _main_init                               0x000001c4   ARM Code       0  entry9a.o(.ARM.Collect$$$$0000000B)
    __rt_final_cpp                           0x000001d0   ARM Code       0  entry10a.o(.ARM.Collect$$$$0000000D)
    __rt_final_exit                          0x000001d0   ARM Code       0  entry11a.o(.ARM.Collect$$$$0000000F)
    _inc_qi                                  0x000001d5   Thumb Code    60  hal_arm.o(.emb_text)
    _dec_qc                                  0x00000211   Thumb Code    32  hal_arm.o(.emb_text)
    os_set_env                               0x00000231   Thumb Code     8  hal_arm.o(.emb_text)
    os_sys_init0                             0x00000239   Thumb Code    32  hal_arm.o(.emb_text)
    os_sys_run                               0x00000265   Thumb Code    16  hal_arm.o(.emb_text)
    os_clock_interrupt                       0x00000278   ARM Code     128  hal_arm.o(.emb_text)
    os_sys_manager_ret                       0x000002e5   Thumb Code     0  hal_arm.o(.emb_text)
    SWI_Handler                              0x0000030c   ARM Code     196  hal_arm.o(.emb_text)
    os_switch_tasks_ret                      0x00000349   Thumb Code     0  hal_arm.o(.emb_text)
    LCD_putc                                 0x0000042b   Thumb Code    32  lcd.o(.text)
    LCD_puts                                 0x0000044b   Thumb Code    20  lcd.o(.text)
    LCD_gotoxy                               0x0000045f   Thumb Code    32  lcd.o(.text)
    __RL_RTX_VER                             0x00000473   Number         0  rt_system.o ABSOLUTE
    LCD_cls                                  0x0000047f   Thumb Code    18  lcd.o(.text)
    LCD_load                                 0x00000491   Thumb Code    32  lcd.o(.text)
    LCD_init                                 0x000004b1   Thumb Code    92  lcd.o(.text)
    LCD_cur_off                              0x0000050d   Thumb Code    10  lcd.o(.text)
    LCD_on                                   0x00000517   Thumb Code    10  lcd.o(.text)
    LCD_bargraph                             0x00000521   Thumb Code    48  lcd.o(.text)
    ADC_IRQ_Handler                          0x000005a8   ARM Code     148  irq.o(.text)
    print_uns_char                           0x00000651   Thumb Code    36  dashboard.o(.text)
    read_buttons                             0x00000675   Thumb Code    38  dashboard.o(.text)
    read_mailboxes                           0x0000069b   Thumb Code    50  dashboard.o(.text)
    start_ADC                                0x000006cd   Thumb Code    24  dashboard.o(.text)
    write_led                                0x000006e5   Thumb Code    52  dashboard.o(.text)
    write_LCD                                0x00000719   Thumb Code    42  dashboard.o(.text)
    PWM_StMch                                0x00000743   Thumb Code    84  dashboard.o(.text)
    PWM_Gen                                  0x00000797   Thumb Code    28  dashboard.o(.text)
    DC_Comp                                  0x000007b3   Thumb Code    32  dashboard.o(.text)
    ADC_Con                                  0x000007d3   Thumb Code    32  dashboard.o(.text)
    init                                     0x000007f3   Thumb Code   226  dashboard.o(.text)
    main                                     0x000008d5   Thumb Code    16  dashboard.o(.text)
    os_idle_demon                            0x0000095d   Thumb Code     2  rtx_config.o(.text)
    os_tmr_call                              0x0000095f   Thumb Code     2  rtx_config.o(.text)
    os_error                                 0x00000961   Thumb Code     2  rtx_config.o(.text)
    os_tmr_init                              0x00000963   Thumb Code    44  rtx_config.o(.text)
    os_tmr_force_irq                         0x0000098f   Thumb Code     8  rtx_config.o(.text)
    os_tmr_inspect_cnt                       0x00000997   Thumb Code    12  rtx_config.o(.text)
    os_tmr_inspect_ovf                       0x000009a3   Thumb Code    12  rtx_config.o(.text)
    os_irq_ack_lock                          0x000009af   Thumb Code    20  rtx_config.o(.text)
    __SWI_5                                  0x000009c3   Thumb Code     8  rtx_config.o(.text)
    tsk_unlock                               0x000009cb   Thumb Code     8  rtx_config.o(.text)
    __aeabi_uidiv                            0x00000a15   Thumb Code     0  uidiv.o(.text)
    __aeabi_uidivmod                         0x00000a15   Thumb Code    44  uidiv.o(.text)
    __aeabi_idiv                             0x00000a41   Thumb Code     0  idiv.o(.text)
    __aeabi_idivmod                          0x00000a41   Thumb Code    40  idiv.o(.text)
    __scatterload                            0x00000a69   Thumb Code    22  init.o(.text)
    __scatterload_rt2                        0x00000a69   Thumb Code     0  init.o(.text)
    SWI_Count                                0x00000a88   Data           4  SWI_Table.o(SWI_TABLE)
    SWI_Table                                0x00000a8c   Data           0  SWI_Table.o(SWI_TABLE)
    __SWI_0                                  0x00000aad   Thumb Code    46  hal_arm.o(i.__SWI_0)
    __SWI_1                                  0x00000ae1   Thumb Code    14  rt_membox.o(i.__SWI_1)
    __SWI_2                                  0x00000aef   Thumb Code    24  rt_membox.o(i.__SWI_2)
    __SWI_3                                  0x00000b07   Thumb Code     8  hal_arm.o(i.__SWI_3)
    __SWI_4                                  0x00000b0f   Thumb Code     8  hal_arm.o(i.__SWI_4)
    __SWI_6                                  0x00000b17   Thumb Code     2  hal_arm.o(i.__SWI_6)
    __SWI_7                                  0x00000b19   Thumb Code     2  hal_arm.o(i.__SWI_7)
    __scatterload_copy                       0x00000b1c   ARM Code      28  handlers.o(i.__scatterload_copy)
    __scatterload_null                       0x00000b38   ARM Code       4  handlers.o(i.__scatterload_null)
    __scatterload_zeroinit                   0x00000b3c   ARM Code      24  handlers.o(i.__scatterload_zeroinit)
    _init_box                                0x00000b55   Thumb Code    74  rt_membox.o(i._init_box)
    free                                     0x00000ba1   Thumb Code    80  malloc.o(i.free)
    os_block                                 0x00000bf5   Thumb Code    58  rt_task.o(i.os_block)
    os_chk_robin                             0x00000c3d   Thumb Code    60  rt_robin.o(i.os_chk_robin)
    os_dec_dly                               0x00000c85   Thumb Code   116  rt_list.o(i.os_dec_dly)
    os_dispatch                              0x00000d01   Thumb Code    60  rt_task.o(i.os_dispatch)
    os_evt_psh                               0x00000d45   Thumb Code    74  rt_event.o(i.os_evt_psh)
    os_get_first                             0x00000d95   Thumb Code    42  rt_list.o(i.os_get_first)
    os_init_robin                            0x00000e0d   Thumb Code    16  rt_robin.o(i.os_init_robin)
    os_init_stack                            0x00000e25   Thumb Code   100  hal_arm.o(i.os_init_stack)
    os_itv_set                               0x00000e99   Thumb Code    16  rt_time.o(i.os_itv_set)
    os_itv_wait                              0x00000eb1   Thumb Code    46  rt_time.o(i.os_itv_wait)
    os_mbx_init                              0x00000ee9   Thumb Code    44  rt_mailbox.o(i.os_mbx_init)
    os_mbx_psh                               0x00000f19   Thumb Code   132  rt_mailbox.o(i.os_mbx_psh)
    os_mbx_send                              0x00000fa1   Thumb Code   158  rt_mailbox.o(i.os_mbx_send)
    os_mbx_wait                              0x00001045   Thumb Code   154  rt_mailbox.o(i.os_mbx_wait)
    os_put_dly                               0x000010e5   Thumb Code    76  rt_list.o(i.os_put_dly)
    os_put_prio                              0x00001135   Thumb Code    62  rt_list.o(i.os_put_prio)
    os_put_rdy_first                         0x00001175   Thumb Code    14  rt_list.o(i.os_put_rdy_first)
    os_rmv_dly                               0x00001189   Thumb Code    44  rt_list.o(i.os_rmv_dly)
    os_rmv_list                              0x000011b5   Thumb Code    46  rt_list.o(i.os_rmv_list)
    os_sem_psh                               0x000011e9   Thumb Code    50  rt_semaphore.o(i.os_sem_psh)
    os_stk_check                             0x00001221   Thumb Code    38  hal_arm.o(i.os_stk_check)
    os_sys_init1                             0x00001251   Thumb Code   162  rt_task.o(i.os_sys_init1)
    os_sys_manager                           0x00001339   Thumb Code   186  rt_system.o(i.os_sys_manager)
    os_tmr_tick                              0x00001409   Thumb Code    58  rt_timer.o(i.os_tmr_tick)
    os_tsk_create0                           0x0000144d   Thumb Code   130  rt_task.o(i.os_tsk_create0)
    os_tsk_delete                            0x000014dd   Thumb Code   312  rt_task.o(i.os_tsk_delete)
    os_maxtaskrun                            0x0000166c   Data           2  rtx_config.o(.constdata)
    os_stackinfo                             0x00001670   Data           4  rtx_config.o(.constdata)
    os_rrobin                                0x00001674   Data           4  rtx_config.o(.constdata)
    os_clockrate                             0x00001678   Data           4  rtx_config.o(.constdata)
    os_timernum                              0x0000167c   Data           4  rtx_config.o(.constdata)
    mp_tcb_size                              0x00001680   Data           2  rtx_config.o(.constdata)
    mp_stk_size                              0x00001684   Data           4  rtx_config.o(.constdata)
    os_fifo_size                             0x00001688   Data           1  rtx_config.o(.constdata)
    mp_tmr_size                              0x0000168a   Data           2  rtx_config.o(.constdata)
    RL_RTX_Version                           0x0000168c   Data           4  rt_system.o(.constdata)
    Region$$Table$$Base                      0x00001690   Number         0  anon$$obj.o(Region$$Table)
    Region$$Table$$Limit                     0x000016b0   Number         0  anon$$obj.o(Region$$Table)
    AD_in_progress                           0x04000004   Data           1  irq.o(.data)
    Potentiometer                            0x04000006   Data           2  irq.o(.data)
    SlideSensor                              0x04000008   Data           2  irq.o(.data)
    B0                                       0x0400000c   Data           1  dashboard.o(.data)
    B1                                       0x0400000d   Data           1  dashboard.o(.data)
    B2                                       0x0400000e   Data           1  dashboard.o(.data)
    B3                                       0x0400000f   Data           1  dashboard.o(.data)
    B4                                       0x04000010   Data           1  dashboard.o(.data)
    B5                                       0x04000011   Data           1  dashboard.o(.data)
    B6                                       0x04000012   Data           1  dashboard.o(.data)
    B7                                       0x04000013   Data           1  dashboard.o(.data)
    A0                                       0x04000014   Data           1  dashboard.o(.data)
    A1                                       0x04000015   Data           1  dashboard.o(.data)
    d_cycle                                  0x04000016   Data           2  dashboard.o(.data)
    potentiometer                            0x04000018   Data           2  dashboard.o(.data)
    slide_sensor                             0x0400001a   Data           2  dashboard.o(.data)
    counter                                  0x0400001c   Data           4  dashboard.o(.data)
    ADC_Conversion_ID                        0x04000020   Data           4  dashboard.o(.data)
    DC_Computation_ID                        0x04000024   Data           4  dashboard.o(.data)
    PWM_Generator_ID                         0x04000028   Data           4  dashboard.o(.data)
    m_tmr                                    0x0400002c   Data           4  rtx_config.o(.data)
    os_runtask                               0x04000030   Data           4  rt_task.o(.data)
    os_time                                  0x04000034   Data           4  rt_time.o(.data)
    sys_stktop                               0x04000038   Data           4  hal_arm.o(.data)
    sys_mode                                 0x0400003c   Data           1  hal_arm.o(.data)
    os_psh                                   0x04000040   Data           8  rt_system.o(.data)
    os_robin                                 0x04000048   Data           8  rt_robin.o(.data)
    os_tmr                                   0x04000050   Data           8  rt_timer.o(.data)
    __microlib_freelist                      0x04000058   Data           4  mvars.o(.data)
    mailbox1                                 0x0400005c   Data          96  irq.o(.bss)
    mailbox2                                 0x040000bc   Data          96  irq.o(.bss)
    mp_tcb                                   0x0400011c   Data        1132  rtx_config.o(.bss)
    mp_stk                                   0x04000588   Data       10600  rtx_config.o(.bss)
    os_fifo                                  0x04002ef0   Data         132  rtx_config.o(.bss)
    os_active_TCB                            0x04002f74   Data          80  rtx_config.o(.bss)
    os_idle_TCB                              0x04002fc4   Data          56  rt_task.o(.bss)
    os_rdy                                   0x04002ffc   Data          24  rt_list.o(.bss)
    os_dly                                   0x04003014   Data          24  rt_list.o(.bss)
    __initial_sp                             0x040030b0   Data         256  str91x.o(STACK)



==============================================================================

Memory Map of the image

  Image Entry point : 0x000001bc

  Load Region LR_IROM1 (Base: 0x00000000, Size: 0x0000170c, Max: 0x00080000, ABSOLUTE)

    Execution Region ER_IROM1 (Base: 0x00000000, Size: 0x000016b0, Max: 0x00080000, ABSOLUTE)

    Base Addr    Size         Type   Attr      Idx    E Section Name        Object

    0x00000000   0x000001bc   Code   RO          164    Reset               str91x.o
    0x000001bc   0x00000000   Code   RO          682  * .ARM.Collect$$$$00000000  mc_5.l(entry.o)
    0x000001bc   0x00000004   Code   RO          717    .ARM.Collect$$$$00000001  mc_5.l(entry2.o)
    0x000001c0   0x00000004   Code   RO          719    .ARM.Collect$$$$00000004  mc_5.l(entry5.o)
    0x000001c4   0x00000000   Code   RO          721    .ARM.Collect$$$$00000008  mc_5.l(entry7b.o)
    0x000001c4   0x00000000   Code   RO          723    .ARM.Collect$$$$0000000A  mc_5.l(entry8b.o)
    0x000001c4   0x0000000c   Code   RO          724    .ARM.Collect$$$$0000000B  mc_5.l(entry9a.o)
    0x000001d0   0x00000000   Code   RO          726    .ARM.Collect$$$$0000000D  mc_5.l(entry10a.o)
    0x000001d0   0x00000000   Code   RO          728    .ARM.Collect$$$$0000000F  mc_5.l(entry11a.o)
    0x000001d0   0x00000004   Code   RO          718    .ARM.Collect$$$$00002712  mc_5.l(entry2.o)
    0x000001d4   0x00000204   Code   RO          346    .emb_text           RTX_ARM_L.LIB(hal_arm.o)
    0x000003d8   0x000001d0   Code   RO            1    .text               lcd.o
    0x000005a8   0x000000a8   Code   RO           88    .text               irq.o
    0x00000650   0x0000030c   Code   RO          107    .text               dashboard.o
    0x0000095c   0x0000009c   Code   RO          127    .text               rtx_config.o
    0x000009f8   0x0000001c   Code   RO          128    .text               rtx_config.o
    0x00000a14   0x0000002c   Code   RO          685    .text               mc_5.l(uidiv.o)
    0x00000a40   0x00000028   Code   RO          687    .text               mc_5.l(idiv.o)
    0x00000a68   0x00000020   Code   RO          736    .text               mc_5.l(init.o)
    0x00000a88   0x00000024   Code   RO          574    SWI_TABLE           RTX_ARM_L.LIB(SWI_Table.o)
    0x00000aac   0x00000034   Code   RO          347    i.__SWI_0           RTX_ARM_L.LIB(hal_arm.o)
    0x00000ae0   0x0000000e   Code   RO          544    i.__SWI_1           RTX_ARM_L.LIB(rt_membox.o)
    0x00000aee   0x00000018   Code   RO          545    i.__SWI_2           RTX_ARM_L.LIB(rt_membox.o)
    0x00000b06   0x00000008   Code   RO          348    i.__SWI_3           RTX_ARM_L.LIB(hal_arm.o)
    0x00000b0e   0x00000008   Code   RO          349    i.__SWI_4           RTX_ARM_L.LIB(hal_arm.o)
    0x00000b16   0x00000002   Code   RO          350    i.__SWI_6           RTX_ARM_L.LIB(hal_arm.o)
    0x00000b18   0x00000002   Code   RO          351    i.__SWI_7           RTX_ARM_L.LIB(hal_arm.o)
    0x00000b1a   0x00000002   PAD
    0x00000b1c   0x0000001c   Code   RO          740    i.__scatterload_copy  mc_5.l(handlers.o)
    0x00000b38   0x00000004   Code   RO          741    i.__scatterload_null  mc_5.l(handlers.o)
    0x00000b3c   0x00000018   Code   RO          742    i.__scatterload_zeroinit  mc_5.l(handlers.o)
    0x00000b54   0x0000004a   Code   RO          547    i._init_box         RTX_ARM_L.LIB(rt_membox.o)
    0x00000b9e   0x00000002   PAD
    0x00000ba0   0x00000054   Code   RO          689    i.free              mc_5.l(malloc.o)
    0x00000bf4   0x00000048   Code   RO          168    i.os_block          RTX_ARM_L.LIB(rt_task.o)
    0x00000c3c   0x00000048   Code   RO          523    i.os_chk_robin      RTX_ARM_L.LIB(rt_robin.o)
    0x00000c84   0x0000007c   Code   RO          451    i.os_dec_dly        RTX_ARM_L.LIB(rt_list.o)
    0x00000d00   0x00000044   Code   RO          169    i.os_dispatch       RTX_ARM_L.LIB(rt_task.o)
    0x00000d44   0x00000050   Code   RO          580    i.os_evt_psh        RTX_ARM_L.LIB(rt_event.o)
    0x00000d94   0x0000002a   Code   RO          452    i.os_get_first      RTX_ARM_L.LIB(rt_list.o)
    0x00000dbe   0x00000002   PAD
    0x00000dc0   0x0000004c   Code   RO          170    i.os_init_context   RTX_ARM_L.LIB(rt_task.o)
    0x00000e0c   0x00000018   Code   RO          524    i.os_init_robin     RTX_ARM_L.LIB(rt_robin.o)
    0x00000e24   0x00000074   Code   RO          352    i.os_init_stack     RTX_ARM_L.LIB(hal_arm.o)
    0x00000e98   0x00000018   Code   RO          262    i.os_itv_set        RTX_ARM_L.LIB(rt_time.o)
    0x00000eb0   0x00000038   Code   RO          263    i.os_itv_wait       RTX_ARM_L.LIB(rt_time.o)
    0x00000ee8   0x00000030   Code   RO          301    i.os_mbx_init       RTX_ARM_L.LIB(rt_mailbox.o)
    0x00000f18   0x00000088   Code   RO          302    i.os_mbx_psh        RTX_ARM_L.LIB(rt_mailbox.o)
    0x00000fa0   0x000000a4   Code   RO          303    i.os_mbx_send       RTX_ARM_L.LIB(rt_mailbox.o)
    0x00001044   0x000000a0   Code   RO          304    i.os_mbx_wait       RTX_ARM_L.LIB(rt_mailbox.o)
    0x000010e4   0x00000050   Code   RO          455    i.os_put_dly        RTX_ARM_L.LIB(rt_list.o)
    0x00001134   0x0000003e   Code   RO          456    i.os_put_prio       RTX_ARM_L.LIB(rt_list.o)
    0x00001172   0x00000002   PAD
    0x00001174   0x00000014   Code   RO          457    i.os_put_rdy_first  RTX_ARM_L.LIB(rt_list.o)
    0x00001188   0x0000002c   Code   RO          459    i.os_rmv_dly        RTX_ARM_L.LIB(rt_list.o)
    0x000011b4   0x00000034   Code   RO          460    i.os_rmv_list       RTX_ARM_L.LIB(rt_list.o)
    0x000011e8   0x00000038   Code   RO          621    i.os_sem_psh        RTX_ARM_L.LIB(rt_semaphore.o)
    0x00001220   0x00000030   Code   RO          353    i.os_stk_check      RTX_ARM_L.LIB(hal_arm.o)
    0x00001250   0x000000e8   Code   RO          171    i.os_sys_init1      RTX_ARM_L.LIB(rt_task.o)
    0x00001338   0x000000d0   Code   RO          409    i.os_sys_manager    RTX_ARM_L.LIB(rt_system.o)
    0x00001408   0x00000044   Code   RO          657    i.os_tmr_tick       RTX_ARM_L.LIB(rt_timer.o)
    0x0000144c   0x00000090   Code   RO          172    i.os_tsk_create0    RTX_ARM_L.LIB(rt_task.o)
    0x000014dc   0x00000150   Code   RO          174    i.os_tsk_delete     RTX_ARM_L.LIB(rt_task.o)
    0x0000162c   0x00000040   Data   RO            2    .constdata          lcd.o
    0x0000166c   0x00000002   Data   RO          133    .constdata          rtx_config.o
    0x0000166e   0x00000002   PAD
    0x00001670   0x00000004   Data   RO          134    .constdata          rtx_config.o
    0x00001674   0x00000004   Data   RO          135    .constdata          rtx_config.o
    0x00001678   0x00000008   Data   RO          136    .constdata          rtx_config.o
    0x00001680   0x00000002   Data   RO          137    .constdata          rtx_config.o
    0x00001682   0x00000002   PAD
    0x00001684   0x00000004   Data   RO          138    .constdata          rtx_config.o
    0x00001688   0x00000001   Data   RO          139    .constdata          rtx_config.o
    0x00001689   0x00000001   PAD
    0x0000168a   0x00000002   Data   RO          140    .constdata          rtx_config.o
    0x0000168c   0x00000004   Data   RO          410    .constdata          RTX_ARM_L.LIB(rt_system.o)
    0x00001690   0x00000020   Data   RO          738    Region$$Table       anon$$obj.o


    Execution Region RW_IRAM1 (Base: 0x04000000, Size: 0x000031b0, Max: 0x00018000, ABSOLUTE)

    Base Addr    Size         Type   Attr      Idx    E Section Name        Object

    0x04000000   0x00000004   Data   RW            3    .data               lcd.o
    0x04000004   0x00000006   Data   RW           90    .data               irq.o
    0x0400000a   0x00000002   PAD
    0x0400000c   0x00000020   Data   RW          108    .data               dashboard.o
    0x0400002c   0x00000004   Data   RW          141    .data               rtx_config.o
    0x04000030   0x00000004   Data   RW          179    .data               RTX_ARM_L.LIB(rt_task.o)
    0x04000034   0x00000004   Data   RW          265    .data               RTX_ARM_L.LIB(rt_time.o)
    0x04000038   0x00000004   Data   RW          354    .data               RTX_ARM_L.LIB(hal_arm.o)
    0x0400003c   0x00000001   Data   RW          355    .data               RTX_ARM_L.LIB(hal_arm.o)
    0x0400003d   0x00000003   PAD
    0x04000040   0x00000008   Data   RW          411    .data               RTX_ARM_L.LIB(rt_system.o)
    0x04000048   0x00000008   Data   RW          525    .data               RTX_ARM_L.LIB(rt_robin.o)
    0x04000050   0x00000008   Data   RW          658    .data               RTX_ARM_L.LIB(rt_timer.o)
    0x04000058   0x00000004   Data   RW          734    .data               mc_5.l(mvars.o)
    0x0400005c   0x000000c0   Zero   RW           89    .bss                irq.o
    0x0400011c   0x0000046c   Zero   RW          129    .bss                rtx_config.o
    0x04000588   0x00002968   Zero   RW          130    .bss                rtx_config.o
    0x04002ef0   0x00000084   Zero   RW          131    .bss                rtx_config.o
    0x04002f74   0x00000050   Zero   RW          132    .bss                rtx_config.o
    0x04002fc4   0x00000038   Zero   RW          178    .bss                RTX_ARM_L.LIB(rt_task.o)
    0x04002ffc   0x00000030   Zero   RW          461    .bss                RTX_ARM_L.LIB(rt_list.o)
    0x0400302c   0x00000004   PAD
    0x04003030   0x00000180   Zero   RW          162    STACK               str91x.o


==============================================================================

Image component sizes


      Code (inc. data)   RO Data    RW Data    ZI Data      Debug   Object Name

       780        120          0         32          0       3586   dashboard.o
       168         20          0          6        192       1151   irq.o
       464         44         64          4          0       9919   lcd.o
       184         38         27          4      11944       2986   rtx_config.o
       444         72          0          0        384        332   str91x.o

    ----------------------------------------------------------------------
      2040        294        128         48      12520      17974   Object Totals
         0          0         32          0          0          0   (incl. Generated)
         0          0          5          2          0          0   (incl. Padding)

    ----------------------------------------------------------------------

      Code (inc. data)   RO Data    RW Data    ZI Data      Debug   Library Member Name

        36         36          0          0          0        140   SWI_Table.o
       752         80          0          5          0       3843   hal_arm.o
        80          6          0          0          0        525   rt_event.o
       424         24          0          0         48       3461   rt_list.o
       508         20          0          0          0       2451   rt_mailbox.o
       112          0          0          0          0       1464   rt_membox.o
        96         20          0          8          0        962   rt_robin.o
        56          6          0          0          0        485   rt_semaphore.o
       208         22          4          8          0       1185   rt_system.o
       928        136          0          4         56       6066   rt_task.o
        80         18          0          4          0        949   rt_time.o
        68         10          0          8          0        619   rt_timer.o
         0          0          0          0          0          0   entry.o
         0          0          0          0          0          0   entry10a.o
         0          0          0          0          0          0   entry11a.o
         8          4          0          0          0          0   entry2.o
         4          0          0          0          0          0   entry5.o
         0          0          0          0          0          0   entry7b.o
         0          0          0          0          0          0   entry8b.o
        12          4          0          0          0          0   entry9a.o
        56          0          0          0          0          0   handlers.o
        40          0          0          0          0         72   idiv.o
        32         10          0          0          0         68   init.o
        84          4          0          0          0         68   malloc.o
         0          0          0          4          0          0   mvars.o
        44          0          0          0          0         72   uidiv.o

    ----------------------------------------------------------------------
      3636        400          4         44        108      22430   Library Totals
         8          0          0          3          4          0   (incl. Padding)

    ----------------------------------------------------------------------

      Code (inc. data)   RO Data    RW Data    ZI Data      Debug   Library Name

      3348        378          4         37        104      22150   RTX_ARM_L.LIB
       280         22          0          4          0        280   mc_5.l

    ----------------------------------------------------------------------
      3636        400          4         44        108      22430   Library Totals

    ----------------------------------------------------------------------

==============================================================================


      Code (inc. data)   RO Data    RW Data    ZI Data      Debug   

      5676        694        132         92      12628      38496   Grand Totals
      5676        694        132         92      12628      38496   ELF Image Totals
      5676        694        132         92          0          0   ROM Totals

==============================================================================

    Total RO  Size (Code + RO Data)                 5808 (   5.67kB)
    Total RW  Size (RW Data + ZI Data)             12720 (  12.42kB)
    Total ROM Size (Code + RO Data + RW Data)       5900 (   5.76kB)

==============================================================================

