<html>
<body>
<pre>
<h1>µVision Build Log</h1>
<h2>Project:</h2>
C:\mt\CS5272Project\Dashboard.uvproj
Project File Date:  04/06/2015

<h2>Output:</h2>
Build target 'MCBSTR9'
compiling LCD.c...
compiling IRQ.c...
compiling Dashboard.c...
Dashboard.c(344): warning:  #177-D: variable "c" was declared but never referenced
        int c = potentiometer/256;
Dashboard.c: 1 warning, 0 errors
compiling RTX_Config.c...
assembling STR91x.s...
linking...
Program Size: Code=6116 RO-data=132 RW-data=132 ZI-data=12628  
".\Obj\Dashboard.axf" - 0 Error(s), 1 Warning(s).
